     VMA      LMA     Size Align Out     In      Symbol
       0        0        0     1 RAM_START = 0x22000000
       0        0        0     1 RAM_LENGTH = 0x001d4000
       0        0        0     1 FLASH_START = 0x02000000
       0        0        0     1 FLASH_LENGTH = 0x00100000
       0        0        0     1 DATA_FLASH_START = 0x27000000
       0        0        0     1 DATA_FLASH_LENGTH = 0x00000000
       0        0        0     1 SDRAM_START = 0x68000000
       0        0        0     1 SDRAM_LENGTH = 0x08000000
       0        0        0     1 OSPI0_CS0_START = 0x80000000
       0        0        0     1 OSPI0_CS0_LENGTH = 0x10000000
       0        0        0     1 OSPI0_CS1_START = 0x90000000
       0        0        0     1 OSPI0_CS1_LENGTH = 0x10000000
       0        0        0     1 OSPI1_CS0_START = 0x70000000
       0        0        0     1 OSPI1_CS0_LENGTH = 0x08000000
       0        0        0     1 OSPI1_CS1_START = 0x78000000
       0        0        0     1 OSPI1_CS1_LENGTH = 0x08000000
       0        0        0     1 OPTION_SETTING_OFS0_START = 0x02c9f040
       0        0        0     1 OPTION_SETTING_OFS0_LENGTH = 0x00000004
       0        0        0     1 OPTION_SETTING_OFS2_START = 0x02c9f044
       0        0        0     1 OPTION_SETTING_OFS2_LENGTH = 0x00000004
       0        0        0     1 OPTION_SETTING_SAS_START = 0x02c9f074
       0        0        0     1 OPTION_SETTING_SAS_LENGTH = 0x00000004
       0        0        0     1 OPTION_SETTING_OFS1_START = 0x12c9f4c0
       0        0        0     1 OPTION_SETTING_OFS1_LENGTH = 0x00000004
       0        0        0     1 OPTION_SETTING_OFS1_SEC_START = 0x02c9f0c0
       0        0        0     1 OPTION_SETTING_OFS1_SEC_LENGTH = 0x00000004
       0        0        0     1 OPTION_SETTING_OFS1_SEL_START = 0x02c9f120
       0        0        0     1 OPTION_SETTING_OFS1_SEL_LENGTH = 0x00000004
       0        0        0     1 OPTION_SETTING_OFS3_START = 0x12c9f4c4
       0        0        0     1 OPTION_SETTING_OFS3_LENGTH = 0x00000004
       0        0        0     1 OPTION_SETTING_OFS3_SEC_START = 0x02c9f0c4
       0        0        0     1 OPTION_SETTING_OFS3_SEC_LENGTH = 0x00000004
       0        0        0     1 OPTION_SETTING_OFS3_SEL_START = 0x02c9f124
       0        0        0     1 OPTION_SETTING_OFS3_SEL_LENGTH = 0x00000004
       0        0        0     1 OPTION_SETTING_BPS_START = 0x12c9f600
       0        0        0     1 OPTION_SETTING_BPS_LENGTH = 0x00000080
       0        0        0     1 OPTION_SETTING_BPS_SEC_START = 0x02c9f200
       0        0        0     1 OPTION_SETTING_BPS_SEC_LENGTH = 0x00000080
       0        0        0     1 OPTION_SETTING_OTP_PBPS_SEC_START = 0x02e07700
       0        0        0     1 OPTION_SETTING_OTP_PBPS_SEC_LENGTH = 0x00000080
       0        0        0     1 OPTION_SETTING_OTP_PBPS_START = 0x12e07780
       0        0        0     1 OPTION_SETTING_OTP_PBPS_LENGTH = 0x00000080
       0        0        0     1 ITCM_START = 0x00000000
       0        0        0     1 ITCM_LENGTH = 0x00020000
       0        0        0     1 DTCM_START = 0x20000000
       0        0        0     1 DTCM_LENGTH = 0x00020000
90000000 90000000        0     1 .ospi0_cs1.startof
90000000 90000000        0     1         __ddsc_OSPI0_CS1_START = .
68000000 68000000        0     1 .sdram.startof
68000000 68000000        0     1         __ddsc_SDRAM_START = .
68000000 68000000        0     1 __sdram_from_ospi0_cs1$$
68000000 68000000        0     1         __sdram_from_ospi0_cs1$$Base = .
68000000 68000000        0     1         __sdram_from_ospi0_cs1$$Load = LOADADDR ( __sdram_from_ospi0_cs1$$ )
68000000 68000000        0     1         __sdram_from_ospi0_cs1$$Limit = .
80000000 80000000        0     1 .ospi0_cs0.startof
80000000 80000000        0     1         __ddsc_OSPI0_CS0_START = .
80000000 80000000        0     1 __ospi0_cs0_from_ospi0_cs1$$
80000000 80000000        0     1         __ospi0_cs0_from_ospi0_cs1$$Base = .
80000000 80000000        0     1         __ospi0_cs0_from_ospi0_cs1$$Load = LOADADDR ( __ospi0_cs0_from_ospi0_cs1$$ )
80000000 80000000        0     1         __ospi0_cs0_from_ospi0_cs1$$Limit = .
70000000 70000000        0     1 .ospi1_cs0.startof
70000000 70000000        0     1         __ddsc_OSPI1_CS0_START = .
70000000 70000000        0     1 __ospi1_cs0_from_ospi0_cs1$$
70000000 70000000        0     1         __ospi1_cs0_from_ospi0_cs1$$Base = .
70000000 70000000        0     1         __ospi1_cs0_from_ospi0_cs1$$Load = LOADADDR ( __ospi1_cs0_from_ospi0_cs1$$ )
70000000 70000000        0     1         __ospi1_cs0_from_ospi0_cs1$$Limit = .
       0        0        0     1 .itcm.startof
       0        0        0     1         __ddsc_ITCM_START = .
       0        0        0     1 __itcm_from_ospi0_cs1$$
       0        0        0     1         __itcm_from_ospi0_cs1$$Base = .
       0        0        0     1         __itcm_from_ospi0_cs1$$Load = LOADADDR ( __itcm_from_ospi0_cs1$$ )
       0        0        0     1         __itcm_from_ospi0_cs1$$Limit = .
20000000 20000000        0     1 .dtcm.startof
20000000 20000000        0     1         __ddsc_DTCM_START = .
20000000 20000000        0     1 __dtcm_from_ospi0_cs1$$
20000000 20000000        0     1         __dtcm_from_ospi0_cs1$$Base = .
20000000 20000000        0     1         __dtcm_from_ospi0_cs1$$Load = LOADADDR ( __dtcm_from_ospi0_cs1$$ )
20000000 20000000        0     1         __dtcm_from_ospi0_cs1$$Limit = .
22000000 22000000        0     1 .ram.startof
22000000 22000000        0     1         __ddsc_RAM_START = .
22000000 22000000        0     1 __ram_dtc_vector$$
22000000 22000000        0     1         __ram_dtc_vector$$Base = .
22000000 22000000        0     1         __ram_dtc_vector$$Limit = .
22000000 22000000        0     1 __ram_from_ospi0_cs1$$
22000000 22000000        0     1         __ram_from_ospi0_cs1$$Base = .
22000000 22000000        0     1         __ram_from_ospi0_cs1$$Load = LOADADDR ( __ram_from_ospi0_cs1$$ )
22000000 22000000        0     1         __ram_from_ospi0_cs1$$Limit = .
90000000 90000000        0     1 __ospi0_cs1_readonly$$
90000000 90000000        0     1         __ospi0_cs1_readonly$$Base = .
90000000 90000000        0     1         __ospi0_cs1_readonly$$Limit = .
90000000 90000000        0     1 __ospi0_cs1_noinit$$
90000000 90000000        0     1         __ospi0_cs1_noinit$$Base = .
90000000 90000000        0     1         __ospi0_cs1_noinit$$Limit = .
90000000 90000000        0     1 .ospi0_cs1.endof
90000000 90000000        0     1         __ddsc_OSPI0_CS1_END = .
78000000 78000000        0     1 .ospi1_cs1.startof
78000000 78000000        0     1         __ddsc_OSPI1_CS1_START = .
68000000 68000000        0     1 __sdram_from_ospi1_cs1$$
68000000 68000000        0     1         __sdram_from_ospi1_cs1$$Base = .
68000000 68000000        0     1         __sdram_from_ospi1_cs1$$Load = LOADADDR ( __sdram_from_ospi1_cs1$$ )
68000000 68000000        0     1         __sdram_from_ospi1_cs1$$Limit = .
80000000 80000000        0     1 __ospi0_cs0_from_ospi1_cs1$$
80000000 80000000        0     1         __ospi0_cs0_from_ospi1_cs1$$Base = .
80000000 80000000        0     1         __ospi0_cs0_from_ospi1_cs1$$Load = LOADADDR ( __ospi0_cs0_from_ospi1_cs1$$ )
80000000 80000000        0     1         __ospi0_cs0_from_ospi1_cs1$$Limit = .
70000000 70000000        0     1 __ospi1_cs0_from_ospi1_cs1$$
70000000 70000000        0     1         __ospi1_cs0_from_ospi1_cs1$$Base = .
70000000 70000000        0     1         __ospi1_cs0_from_ospi1_cs1$$Load = LOADADDR ( __ospi1_cs0_from_ospi1_cs1$$ )
70000000 70000000        0     1         __ospi1_cs0_from_ospi1_cs1$$Limit = .
       0        0        0     1 __itcm_from_ospi1_cs1$$
       0        0        0     1         __itcm_from_ospi1_cs1$$Base = .
       0        0        0     1         __itcm_from_ospi1_cs1$$Load = LOADADDR ( __itcm_from_ospi1_cs1$$ )
       0        0        0     1         __itcm_from_ospi1_cs1$$Limit = .
20000000 20000000        0     1 __dtcm_from_ospi1_cs1$$
20000000 20000000        0     1         __dtcm_from_ospi1_cs1$$Base = .
20000000 20000000        0     1         __dtcm_from_ospi1_cs1$$Load = LOADADDR ( __dtcm_from_ospi1_cs1$$ )
20000000 20000000        0     1         __dtcm_from_ospi1_cs1$$Limit = .
22000000 22000000        0     1 __ram_from_ospi1_cs1$$
22000000 22000000        0     1         __ram_from_ospi1_cs1$$Base = .
22000000 22000000        0     1         __ram_from_ospi1_cs1$$Load = LOADADDR ( __ram_from_ospi1_cs1$$ )
22000000 22000000        0     1         __ram_from_ospi1_cs1$$Limit = .
78000000 78000000        0     1 __ospi1_cs1_readonly$$
78000000 78000000        0     1         __ospi1_cs1_readonly$$Base = .
78000000 78000000        0     1         __ospi1_cs1_readonly$$Limit = .
78000000 78000000        0     1 __ospi1_cs1_noinit$$
78000000 78000000        0     1         __ospi1_cs1_noinit$$Base = .
78000000 78000000        0     1         __ospi1_cs1_noinit$$Limit = .
78000000 78000000        0     1 .ospi1_cs1.endof
78000000 78000000        0     1         __ddsc_OSPI1_CS1_END = .
27000000 27000000        0     1 .data_flash.startof
27000000 27000000        0     1         __ddsc_DATA_FLASH_START = .
68000000 68000000        0     1 __sdram_from_data_flash$$
68000000 68000000        0     1         __sdram_from_data_flash$$Base = .
68000000 68000000        0     1         __sdram_from_data_flash$$Load = LOADADDR ( __sdram_from_data_flash$$ )
68000000 68000000        0     1         __sdram_from_data_flash$$Limit = .
80000000 80000000        0     1 __ospi0_cs0_from_data_flash$$
80000000 80000000        0     1         __ospi0_cs0_from_data_flash$$Base = .
80000000 80000000        0     1         __ospi0_cs0_from_data_flash$$Load = LOADADDR ( __ospi0_cs0_from_data_flash$$ )
80000000 80000000        0     1         __ospi0_cs0_from_data_flash$$Limit = .
70000000 70000000        0     1 __ospi1_cs0_from_data_flash$$
70000000 70000000        0     1         __ospi1_cs0_from_data_flash$$Base = .
70000000 70000000        0     1         __ospi1_cs0_from_data_flash$$Load = LOADADDR ( __ospi1_cs0_from_data_flash$$ )
70000000 70000000        0     1         __ospi1_cs0_from_data_flash$$Limit = .
       0        0        0     1 __itcm_from_data_flash$$
       0        0        0     1         __itcm_from_data_flash$$Base = .
       0        0        0     1         __itcm_from_data_flash$$Load = LOADADDR ( __itcm_from_data_flash$$ )
       0        0        0     1         __itcm_from_data_flash$$Limit = .
20000000 20000000        0     1 __dtcm_from_data_flash$$
20000000 20000000        0     1         __dtcm_from_data_flash$$Base = .
20000000 20000000        0     1         __dtcm_from_data_flash$$Load = LOADADDR ( __dtcm_from_data_flash$$ )
20000000 20000000        0     1         __dtcm_from_data_flash$$Limit = .
22000000 22000000        0     1 __ram_from_data_flash$$
22000000 22000000        0     1         __ram_from_data_flash$$Base = .
22000000 22000000        0     1         __ram_from_data_flash$$Load = LOADADDR ( __ram_from_data_flash$$ )
22000000 22000000        0     1         __ram_from_data_flash$$Limit = .
27000000 27000000        0     1 __data_flash_readonly$$
27000000 27000000        0     1         __data_flash_readonly$$Base = .
27000000 27000000        0     1         __data_flash_readonly$$Limit = .
27000000 27000000        0     1 __data_flash_noinit$$
27000000 27000000        0     1         __data_flash_noinit$$Base = .
27000000 27000000        0     1         __data_flash_noinit$$Limit = .
27000000 27000000        0     1 .data_flash.endof
27000000 27000000        0     1         __ddsc_DATA_FLASH_END = .
 2000000  2000000        0     1 .flash.startof
 2000000  2000000        0     1         __ddsc_FLASH_START = .
 2000000  2000000       50     4 __flash_vectors$$
 2000000  2000000        0     1         __flash_vectors$$Base = .
 2000000  2000000        0     1         _VECTORS = .
 2000000  2000000       40     4         ./ra/fsp/src/bsp/cmsis/Device/RENESAS/Source/startup.o:(.fixed_vectors)
 2000000  2000000       40     1                 __Vectors
 2000040  2000040       10     4         ./ra_gen/vector_data.o:(.application_vectors)
 2000040  2000040       10     1                 g_vector_table
 2000050  2000050        0     1         __flash_vectors$$Limit = .
 2000050  2000050       18     4 .eh_frame
 2000050  2000050       14     1         /Applications/Renesas e2 studio with RA FSP v6.0.0/toolchains/LLVM-ET-Arm-18.1.3-Darwin-universal/bin/../lib/clang-runtimes/arm-none-eabi/armv8.1m.main_hard_fpdp_nomve_exn_rtti/lib/libc.a(strlen.S.o):(.eh_frame+0x0)
 2000068  2000068        0     1 __flash_noinit$$
 2000068  2000068        0     1         __flash_noinit$$Base = .
 2000068  2000068        0     1         __flash_noinit$$Limit = .
68000000 68000000        0     1 __sdram_from_flash$$
68000000 68000000        0     1         __sdram_from_flash$$Base = .
68000000 68000000        0     1         __sdram_from_flash$$Load = LOADADDR ( __sdram_from_flash$$ )
68000000 68000000        0     1         __sdram_from_flash$$Limit = .
68000000 68000000        0     1 __sdram_noinit_nocache$$
68000000 68000000        0     1         __sdram_noinit_nocache$$Base = .
68000000 68000000        0     1         __sdram_noinit_nocache$$Limit = .
68000000 68000000        0     1 __sdram_zero_nocache$$
68000000 68000000        0     1         __sdram_zero_nocache$$Base = .
68000000 68000000        0     1         . = ALIGN ( 32 )
68000000 68000000        0     1         __sdram_zero_nocache$$Limit = .
68000000 68000000        0     1 __sdram_noinit$$
68000000 68000000        0     1         __sdram_noinit$$Base = .
68000000 68000000        0     1         __sdram_noinit$$Limit = .
68000000 68000000        0     1 __sdram_zero$$
68000000 68000000        0     1         __sdram_zero$$Base = .
68000000 68000000        0     1         __sdram_zero$$Limit = .
68000000 68000000        0     1 .sdram.endof
68000000 68000000        0     1         __ddsc_SDRAM_END = .
80000000 80000000        0     1 __ospi0_cs0_from_flash$$
80000000 80000000        0     1         __ospi0_cs0_from_flash$$Base = .
80000000 80000000        0     1         __ospi0_cs0_from_flash$$Load = LOADADDR ( __ospi0_cs0_from_flash$$ )
80000000 80000000        0     1         __ospi0_cs0_from_flash$$Limit = .
80000000 80000000        0     1 __ospi0_cs0_noinit_nocache$$
80000000 80000000        0     1         __ospi0_cs0_noinit_nocache$$Base = .
80000000 80000000        0     1         __ospi0_cs0_noinit_nocache$$Limit = .
80000000 80000000        0     1 __ospi0_cs0_zero_nocache$$
80000000 80000000        0     1         __ospi0_cs0_zero_nocache$$Base = .
80000000 80000000        0     1         . = ALIGN ( 32 )
80000000 80000000        0     1         __ospi0_cs0_zero_nocache$$Limit = .
80000000 80000000        0     1 __ospi0_cs0_noinit$$
80000000 80000000        0     1         __ospi0_cs0_noinit$$Base = .
80000000 80000000        0     1         __ospi0_cs0_noinit$$Limit = .
80000000 80000000        0     1 __ospi0_cs0_zero$$
80000000 80000000        0     1         __ospi0_cs0_zero$$Base = .
80000000 80000000        0     1         __ospi0_cs0_zero$$Limit = .
80000000 80000000        0     1 .ospi0_cs0.endof
80000000 80000000        0     1         __ddsc_OSPI0_CS0_END = .
70000000 70000000        0     1 __ospi1_cs0_from_flash$$
70000000 70000000        0     1         __ospi1_cs0_from_flash$$Base = .
70000000 70000000        0     1         __ospi1_cs0_from_flash$$Load = LOADADDR ( __ospi1_cs0_from_flash$$ )
70000000 70000000        0     1         __ospi1_cs0_from_flash$$Limit = .
70000000 70000000        0     1 __ospi1_cs0_noinit_nocache$$
70000000 70000000        0     1         __ospi1_cs0_noinit_nocache$$Base = .
70000000 70000000        0     1         __ospi1_cs0_noinit_nocache$$Limit = .
70000000 70000000        0     1 __ospi1_cs0_zero_nocache$$
70000000 70000000        0     1         __ospi1_cs0_zero_nocache$$Base = .
70000000 70000000        0     1         . = ALIGN ( 32 )
70000000 70000000        0     1         __ospi1_cs0_zero_nocache$$Limit = .
70000000 70000000        0     1 __ospi1_cs0_noinit$$
70000000 70000000        0     1         __ospi1_cs0_noinit$$Base = .
70000000 70000000        0     1         __ospi1_cs0_noinit$$Limit = .
70000000 70000000        0     1 __ospi1_cs0_zero$$
70000000 70000000        0     1         __ospi1_cs0_zero$$Base = .
70000000 70000000        0     1         __ospi1_cs0_zero$$Limit = .
70000000 70000000        0     1 .ospi1_cs0.endof
70000000 70000000        0     1         __ddsc_OSPI1_CS0_END = .
       0        0        0     1 __itcm_from_flash$$
       0        0        0     1         __itcm_from_flash$$Base = .
       0        0        0     1         __itcm_from_flash$$Load = LOADADDR ( __itcm_from_flash$$ )
       0        0        0     1         __itcm_from_flash$$Limit = .
       0        0        0     1 __itcm_noinit$$
       0        0        0     1         __itcm_noinit$$Base = .
       0        0        0     1         __itcm_noinit$$Limit = .
       0        0        0     1 __itcm_zero$$
       0        0        0     1         __itcm_zero$$Base = .
       0        0        0     1         __itcm_zero$$Limit = .
       0        0        0     1 .itcm.endof
       0        0        0     1         __ddsc_ITCM_END = .
20000000 20000000        0     1 __dtcm_from_flash$$
20000000 20000000        0     1         __dtcm_from_flash$$Base = .
20000000 20000000        0     1         __dtcm_from_flash$$Load = LOADADDR ( __dtcm_from_flash$$ )
20000000 20000000        0     1         __dtcm_from_flash$$Limit = .
20000000 20000000        0     1 __dtcm_noinit$$
20000000 20000000        0     1         __dtcm_noinit$$Base = .
20000000 20000000        0     1         __dtcm_noinit$$Limit = .
20000000 20000000        0     1 __dtcm_zero$$
20000000 20000000        0     1         __dtcm_zero$$Base = .
20000000 20000000        0     1         __dtcm_zero$$Limit = .
20000000 20000000        0     1 .dtcm.endof
20000000 20000000        0     1         __ddsc_DTCM_END = .
22000000 22000000        0     1 __ram_from_flash$$
22000000 22000000        0     1         __ram_from_flash$$Base = .
22000000 22000000        0     1         __ram_from_flash$$Load = LOADADDR ( __ram_from_flash$$ )
22000000 22000000        0     1         __ram_from_flash$$Limit = .
22000000 22000000        0     1 __ram_noinit_nocache$$
22000000 22000000        0     1         __ram_noinit_nocache$$Base = .
22000000 22000000        0     1         __ram_noinit_nocache$$Limit = .
22000000 22000000        0     1 __ram_zero_nocache$$
22000000 22000000        0     1         __ram_zero_nocache$$Base = .
22000000 22000000        0     1         . = ALIGN ( 32 )
22000000 22000000        0     1         __ram_zero_nocache$$Limit = .
22000000 22000000      42c     8 __ram_noinit$$
22000000 22000000        0     1         __ram_noinit$$Base = .
22000000 22000000      400     8         ./ra/fsp/src/bsp/cmsis/Device/RENESAS/Source/startup.o:(.bss.g_main_stack)
22000000 22000000      400     1                 g_main_stack
22000400 22000400       2c     4         ./ra/fsp/src/bsp/mcu/all/bsp_clocks.o:(.ram_noinit)
22000400 22000400       2c     1                 g_clock_freq
2200042c 2200042c        0     1         __ram_noinit$$Limit = .
22000430 22000430   13d174    16 __ram_zero$$
22000430 22000430        0     1         __ram_zero$$Base = .
22000430 22000430       a8     4         ./src/SEGGER_RTT/SEGGER_RTT.o:(.bss._SEGGER_RTT)
22000430 22000430       a8     1                 _SEGGER_RTT
220004d8 220004d8      800     1         ./src/SEGGER_RTT/SEGGER_RTT.o:(.bss._acUpBuffer)
220004d8 220004d8      800     1                 _acUpBuffer
22000cd8 22000cd8       10     1         ./src/SEGGER_RTT/SEGGER_RTT.o:(.bss._acDownBuffer)
22000cd8 22000cd8       10     1                 _acDownBuffer
22000ce8 22000ce8        4     4         ./src/pdm.o:(.bss.g_total_collected_samples)
22000ce8 22000ce8        4     1                 g_total_collected_samples
22000cec 22000cec     4000     4         ./src/pdm.o:(.bss.g_pdm0_buffer)
22000cec 22000cec     4000     1                 g_pdm0_buffer
22004cec 22004cec        4     4         ./src/pdm.o:(.bss.g_data_callback_count)
22004cec 22004cec        4     1                 g_data_callback_count
22004cf0 22004cf0        4     4         ./src/pdm.o:(.bss.g_error_count)
22004cf0 22004cf0        4     1                 g_error_count
22004cf4 22004cf4        4     4         ./src/pdm.o:(.bss.g_sound_detection_count)
22004cf4 22004cf4        4     1                 g_sound_detection_count
22004cf8 22004cf8   138800     4         ./src/pdm.o:(.bss.g_all_audio_data)
22004cf8 22004cf8   138800     1                 g_all_audio_data
2213d4f8 2213d4f8        8     4         ./ra_gen/common_data.o:(.bss.g_ioport_ctrl)
2213d4f8 2213d4f8        8     1                 g_ioport_ctrl
2213d500 2213d500       2c     4         ./ra_gen/hal_data.o:(.bss.g_pdm0_ctrl)
2213d500 2213d500       2c     1                 g_pdm0_ctrl
2213d52c 2213d52c       54     4         ./ra/fsp/src/bsp/mcu/all/bsp_group_irq.o:(.bss.g_bsp_group_irq_sources)
2213d52c 2213d52c       54     1                 g_bsp_group_irq_sources
2213d580 2213d580        4     4         ./ra/fsp/src/bsp/mcu/all/bsp_io.o:(.bss.g_protect_pfswe_counter)
2213d580 2213d580        4     1                 g_protect_pfswe_counter
2213d584 2213d584       10     4         ./ra/fsp/src/bsp/mcu/all/bsp_irq.o:(.bss.gp_renesas_isr_context)
2213d584 2213d584       10     1                 gp_renesas_isr_context
2213d594 2213d594        8     2         ./ra/fsp/src/bsp/mcu/all/bsp_register_protection.o:(.bss.g_protect_counters)
2213d594 2213d594        8     1                 g_protect_counters
2213d59c 2213d59c        4     4         ./ra/fsp/src/bsp/cmsis/Device/RENESAS/Source/system.o:(.bss.SystemCoreClock)
2213d59c 2213d59c        4     1                 SystemCoreClock
2213d5a0 2213d5a0        4    16         /Applications/Renesas e2 studio with RA FSP v6.0.0/toolchains/LLVM-ET-Arm-18.1.3-Darwin-universal/bin/../lib/clang-runtimes/arm-none-eabi/armv8.1m.main_hard_fpdp_nomve_exn_rtti/lib/libc.a(libc_picolib_machine_arm_read_tp.S.o):(.bss)
2213d5a0 2213d5a0        4     1                 __tls
2213d5a4 2213d5a4        0     1         __ram_zero$$Limit = .
2213d5a4 2213d5a4        0     1 __ram_tdata$$
2213d5a4 2213d5a4        0     1         __ram_tdata$$Base = .
2213d5a4 2213d5a4        0     1         __ram_tdata$$Load = LOADADDR ( __ram_tdata$$ )
2213d5a4 2213d5a4        0     1         __ram_tdata$$Limit = .
2213d5a4 2213d5a4        0     1 __ram_tbss$$
2213d5a4 2213d5a4        0     1         __ram_tbss$$Base = .
2213d5a4 2213d5a4        0     1         __ram_tbss$$Limit = .
2213d5a8 2213d5a8        0     1 __ram_thread_stack$$
2213d5a8 2213d5a8        0     1         __ram_thread_stack$$Base = .
2213d5a8 2213d5a8        0     1         __ram_thread_stack$$Limit = .
2213e000 2213e000        0     1 .ram.endof
2213e000 2213e000        0     1         __ddsc_RAM_END = .
2213e000 2213e000        0     1 .ram.flat_nsc
2213e000 2213e000        0     1         __sau_ddsc_RAM_NSC = .
 2000070  2000070     2bce    16 __flash_readonly$$
 2000070  2000070        0     1         __flash_readonly$$Base = .
 2000070  2000070      186     2         ./src/SEGGER_RTT/SEGGER_RTT.o:(.text.SEGGER_RTT_WriteNoLock)
 2000070  2000070        0     1                 $t.6
 2000071  2000071      186     1                 SEGGER_RTT_WriteNoLock
 20001f6  20001f6       a6     2         ./src/SEGGER_RTT/SEGGER_RTT.o:(.text.SEGGER_RTT_Write)
 20001f6  20001f6        0     1                 $t.8
 20001f7  20001f7       a6     1                 SEGGER_RTT_Write
 200029c  200029c       78     2         ./src/SEGGER_RTT/SEGGER_RTT.o:(.text.SEGGER_RTT_Init)
 200029c  200029c        0     1                 $t.26
 200029d  200029d       78     1                 SEGGER_RTT_Init
 2000314  2000314      488     4         ./src/SEGGER_RTT/SEGGER_RTT_printf.o:(.text.SEGGER_RTT_vprintf)
 2000314  2000314        0     1                 $t.0
 2000315  2000315      488     1                 SEGGER_RTT_vprintf
 20003ae  20003ae        0     1                 $d.1
 20003bc  20003bc        0     1                 $t.2
 2000472  2000472        0     1                 $d.3
 2000494  2000494        0     1                 $t.4
 200079c  200079c      180     2         ./src/SEGGER_RTT/SEGGER_RTT_printf.o:(.text._PrintUnsigned)
 200079c  200079c        0     1                 $t.5
 200079d  200079d      180     1                 _PrintUnsigned
 200091c  200091c       22     2         ./src/SEGGER_RTT/SEGGER_RTT_printf.o:(.text.SEGGER_RTT_printf)
 200091c  200091c        0     1                 $t.6
 200091d  200091d       22     1                 SEGGER_RTT_printf
 200093e  200093e        4     2         ./src/hal_entry.o:(.text.hal_entry)
 200093e  200093e        0     1                 $t.0
 200093f  200093f        4     1                 hal_entry
 2000942  2000942       1a     2         ./src/hal_entry.o:(.text.R_BSP_WarmStart)
 2000942  2000942        0     1                 $t.1
 2000943  2000943       1a     1                 R_BSP_WarmStart
 200095c  200095c      152     2         ./src/pdm.o:(.text.r_pdm_basic_messaging_core0_example)
 200095c  200095c        0     1                 $t.0
 200095d  200095d      152     1                 r_pdm_basic_messaging_core0_example
 2000aae  2000aae      194     2         ./src/pdm.o:(.text.dump_all_collected_data)
 2000aae  2000aae        0     1                 $t.1
 2000aaf  2000aaf      194     1                 dump_all_collected_data
 2000c42  2000c42       be     2         ./src/pdm.o:(.text.pdm0_callback)
 2000c42  2000c42        0     1                 $t.2
 2000c43  2000c43       be     1                 pdm0_callback
 2000d00  2000d00        c     2         ./ra_gen/main.o:(.text.main)
 2000d00  2000d00        0     1                 $t.0
 2000d01  2000d01        c     1                 main
 2000d0c  2000d0c      15c     2         ./ra/fsp/src/r_pdm/r_pdm.o:(.text.R_PDM_Open)
 2000d0c  2000d0c        0     1                 $t.0
 2000d0d  2000d0d      15c     1                 R_PDM_Open
 2000e68  2000e68       e8     2         ./ra/fsp/src/r_pdm/r_pdm.o:(.text.R_PDM_Start)
 2000e68  2000e68        0     1                 $t.1
 2000e69  2000e69       e8     1                 R_PDM_Start
 2000f50  2000f50       78     2         ./ra/fsp/src/r_pdm/r_pdm.o:(.text.R_PDM_Stop)
 2000f50  2000f50        0     1                 $t.2
 2000f51  2000f51       78     1                 R_PDM_Stop
 2000fc8  2000fc8      118     2         ./ra/fsp/src/r_pdm/r_pdm.o:(.text.R_PDM_Close)
 2000fc8  2000fc8        0     1                 $t.7
 2000fc9  2000fc9      118     1                 R_PDM_Close
 20010e0  20010e0       6e     2         ./ra/fsp/src/r_pdm/r_pdm.o:(.text.R_BSP_IrqCfgEnable)
 20010e0  20010e0        0     1                 $t.9
 20010e1  20010e1       6e     1                 R_BSP_IrqCfgEnable
 200114e  200114e       88     2         ./ra/fsp/src/r_pdm/r_pdm.o:(.text.pdm_sdet_isr)
 200114e  200114e        0     1                 $t.10
 200114f  200114f       88     1                 pdm_sdet_isr
 20011d6  20011d6       c4     2         ./ra/fsp/src/r_pdm/r_pdm.o:(.text.pdm_dat_isr)
 20011d6  20011d6        0     1                 $t.11
 20011d7  20011d7       c4     1                 pdm_dat_isr
 200129a  200129a       7c     2         ./ra/fsp/src/r_pdm/r_pdm.o:(.text.pdm_err_isr)
 200129a  200129a        0     1                 $t.12
 200129b  200129b       7c     1                 pdm_err_isr
 2001316  2001316       18     2         ./ra/fsp/src/r_ioport/r_ioport.o:(.text.R_IOPORT_Open)
 2001316  2001316        0     1                 $t.0
 2001317  2001317       18     1                 R_IOPORT_Open
 200132e  200132e       ce     2         ./ra/fsp/src/r_ioport/r_ioport.o:(.text.r_ioport_pins_config)
 200132e  200132e        0     1                 $t.13
 200132f  200132f       ce     1                 r_ioport_pins_config
 20013fc  20013fc       de     2         ./ra/fsp/src/r_ioport/r_ioport.o:(.text.bsp_vbatt_init)
 20013fc  20013fc        0     1                 $t.14
 20013fd  20013fd       de     1                 bsp_vbatt_init
 20014da  20014da       4a     2         ./ra/fsp/src/r_dmac/r_dmac.o:(.text.dmac_int_isr)
 20014da  20014da        0     1                 $t.12
 20014db  20014db       4a     1                 dmac_int_isr
 2001524  2001524       aa     4         ./ra/fsp/src/bsp/mcu/all/bsp_clocks.o:(.text.SystemCoreClockUpdate)
 2001524  2001524        0     1                 $t.2
 2001525  2001525       aa     1                 SystemCoreClockUpdate
 2001540  2001540        0     1                 $d.3
 2001544  2001544        0     1                 $t.4
 20015d0  20015d0      610    16         ./ra/fsp/src/bsp/mcu/all/bsp_clocks.o:(.text.bsp_clock_init)
 20015d0  20015d0        0     1                 $t.15
 20015d1  20015d1      610     1                 bsp_clock_init
 200164c  200164c        0     1                 $d.16
 2001650  2001650        0     1                 $t.17
 20017cc  20017cc        0     1                 $d.18
 20017d0  20017d0        0     1                 $t.19
 2001858  2001858        0     1                 $d.20
 200185c  200185c        0     1                 $t.21
 2001bc0  2001bc0        0     1                 $d.22
 2001be0  2001be0        2     2         ./ra/fsp/src/bsp/mcu/all/bsp_clocks.o:(.text.R_BSP_SubClockStabilizeWaitAfterReset)
 2001be0  2001be0        0     1                 $t.25
 2001be1  2001be1        2     1                 R_BSP_SubClockStabilizeWaitAfterReset
 2001be2  2001be2       80     2         ./ra/fsp/src/bsp/mcu/all/bsp_clocks.o:(.text.R_BSP_Init_RTC)
 2001be2  2001be2        0     1                 $t.27
 2001be3  2001be3       80     1                 R_BSP_Init_RTC
 2001c62  2001c62       7c     2         ./ra/fsp/src/bsp/mcu/all/bsp_delay.o:(.text.R_BSP_SoftwareDelay)
 2001c62  2001c62        0     1                 $t.0
 2001c63  2001c63       7c     1                 R_BSP_SoftwareDelay
 2001ce0  2001ce0        8     8         ./ra/fsp/src/bsp/mcu/all/bsp_delay.o:(.text.bsp_prv_software_delay_loop)
 2001ce0  2001ce0        0     1                 sw_delay_loop
 2001ce0  2001ce0        0     1                 $t.1
 2001ce1  2001ce1        8     1                 bsp_prv_software_delay_loop
 2001ce8  2001ce8       56     2         ./ra/fsp/src/bsp/mcu/all/bsp_group_irq.o:(.text.NMI_Handler)
 2001ce8  2001ce8        0     1                 $t.1
 2001ce9  2001ce9       56     1                 NMI_Handler
 2001d3e  2001d3e       2a     2         ./ra/fsp/src/bsp/mcu/all/bsp_irq.o:(.text.bsp_irq_cfg)
 2001d3e  2001d3e        0     1                 $t.0
 2001d3f  2001d3f       2a     1                 bsp_irq_cfg
 2001d68  2001d68       54     2         ./ra/fsp/src/bsp/mcu/all/bsp_register_protection.o:(.text.R_BSP_RegisterProtectEnable)
 2001d68  2001d68        0     1                 $t.0
 2001d69  2001d69       54     1                 R_BSP_RegisterProtectEnable
 2001dbc  2001dbc       4e     2         ./ra/fsp/src/bsp/mcu/all/bsp_register_protection.o:(.text.R_BSP_RegisterProtectDisable)
 2001dbc  2001dbc        0     1                 $t.1
 2001dbd  2001dbd       4e     1                 R_BSP_RegisterProtectDisable
 2001e0a  2001e0a        e     2         ./ra/fsp/src/bsp/cmsis/Device/RENESAS/Source/startup.o:(.text.Reset_Handler)
 2001e0a  2001e0a        0     1                 $t.0
 2001e0b  2001e0b        e     1                 Reset_Handler
 2001e18  2001e18        4     2         ./ra/fsp/src/bsp/cmsis/Device/RENESAS/Source/startup.o:(.text.Default_Handler)
 2001e18  2001e18        0     1                 $t.1
 2001e19  2001e19        4     1                 Default_Handler
 2001e19  2001e19        4     1                 HardFault_Handler
 2001e19  2001e19        4     1                 MemManage_Handler
 2001e19  2001e19        4     1                 BusFault_Handler
 2001e19  2001e19        4     1                 UsageFault_Handler
 2001e19  2001e19        4     1                 SecureFault_Handler
 2001e19  2001e19        4     1                 SVC_Handler
 2001e19  2001e19        4     1                 DebugMon_Handler
 2001e19  2001e19        4     1                 PendSV_Handler
 2001e19  2001e19        4     1                 SysTick_Handler
 2001e20  2001e20      2c6     8         ./ra/fsp/src/bsp/cmsis/Device/RENESAS/Source/system.o:(.text.SystemInit)
 2001e20  2001e20        0     1                 $t.0
 2001e21  2001e21      2c6     1                 SystemInit
 2001f00  2001f00        0     1                 memset_64_loop_start_0
 2001f08  2001f08        0     1                 memset_64_loop_end_0
 2001f10  2001f10        0     1                 memset_64_loop_start_1
 2001f18  2001f18        0     1                 memset_64_loop_end_1
 20020e6  20020e6        2     2         ./ra/board/ra8p1_ek/board_init.o:(.text.bsp_init)
 20020e6  20020e6        0     1                 $t.0
 20020e7  20020e7        2     1                 bsp_init
 20020e8  20020e8       2c     4         /Applications/Renesas e2 studio with RA FSP v6.0.0/toolchains/LLVM-ET-Arm-18.1.3-Darwin-universal/bin/../lib/clang-runtimes/arm-none-eabi/armv8.1m.main_hard_fpdp_nomve_exn_rtti/lib/libc.a(libc_picolib_inittls.c.o):(.text._init_tls)
 20020e8  20020e8        0     1                 $t.0
 20020e9  20020e9       2c     1                 _init_tls
 2002104  2002104        0     1                 $d.1
 2002114  2002114       14     4         /Applications/Renesas e2 studio with RA FSP v6.0.0/toolchains/LLVM-ET-Arm-18.1.3-Darwin-universal/bin/../lib/clang-runtimes/arm-none-eabi/armv8.1m.main_hard_fpdp_nomve_exn_rtti/lib/libc.a(libc_picolib_machine_arm_tls.c.o):(.text._set_tls)
 2002114  2002114        0     1                 $t.0
 2002115  2002115       14     1                 _set_tls
 2002120  2002120        0     1                 $d.1
 2002128  2002128        8     2         /Applications/Renesas e2 studio with RA FSP v6.0.0/toolchains/LLVM-ET-Arm-18.1.3-Darwin-universal/bin/../lib/clang-runtimes/arm-none-eabi/armv8.1m.main_hard_fpdp_nomve_exn_rtti/lib/libc.a(bzero.c.o):(.text.bzero)
 2002128  2002128        0     1                 $t.0
 2002129  2002129        8     1                 bzero
 2002129  2002129        8     1                 __aeabi_memclr4
 2002129  2002129        8     1                 __aeabi_memclr8
 2002129  2002129        8     1                 __aeabi_memclr
 2002130  2002130       14     2         /Applications/Renesas e2 studio with RA FSP v6.0.0/toolchains/LLVM-ET-Arm-18.1.3-Darwin-universal/bin/../lib/clang-runtimes/arm-none-eabi/armv8.1m.main_hard_fpdp_nomve_exn_rtti/lib/libc.a(memcpy.c.o):(.text.memcpy)
 2002130  2002130        0     1                 $t.0
 2002131  2002131       14     1                 memcpy
 2002131  2002131       14     1                 __aeabi_memcpy4
 2002131  2002131       14     1                 __aeabi_memcpy8
 2002131  2002131       14     1                 __aeabi_memcpy
 2002144  2002144        e     2         /Applications/Renesas e2 studio with RA FSP v6.0.0/toolchains/LLVM-ET-Arm-18.1.3-Darwin-universal/bin/../lib/clang-runtimes/arm-none-eabi/armv8.1m.main_hard_fpdp_nomve_exn_rtti/lib/libc.a(memset.c.o):(.text.memset)
 2002144  2002144        0     1                 $t.0
 2002145  2002145        e     1                 memset
 2002152  2002152       11     1         ./src/SEGGER_RTT/SEGGER_RTT.o:(.rodata._DoInit._aInitStr)
 2002152  2002152       11     1                 _DoInit._aInitStr
 2002163  2002163      28a     1         <internal>:(.rodata.str1.1)
 20023ed  20023ed       10     1         <internal>:(.rodata.cst16)
 2002400  2002400       74     4         ./ra_gen/hal_data.o:(.rodata.g_pdm0_cfg_extend)
 2002400  2002400       74     1                 g_pdm0_cfg_extend
 2002474  2002474       24     4         ./ra_gen/hal_data.o:(.rodata.g_pdm0_cfg)
 2002474  2002474       24     1                 g_pdm0_cfg
 2002498  2002498      4e8     4         ./ra_gen/pin_data.o:(.rodata.g_bsp_pin_cfg_data)
 2002498  2002498      4e8     1                 g_bsp_pin_cfg_data
 2002980  2002980        c     4         ./ra_gen/pin_data.o:(.rodata.g_bsp_pin_cfg)
 2002980  2002980        c     1                 g_bsp_pin_cfg
 200298c  200298c        8     2         ./ra_gen/vector_data.o:(.rodata.g_interrupt_event_link_select)
 200298c  200298c        8     1                 g_interrupt_event_link_select
 2002994  2002994        6     2         ./ra/fsp/src/r_ioport/r_ioport.o:(.rodata.g_vbatt_pins_input)
 2002994  2002994        6     1                 g_vbatt_pins_input
 200299c  200299c       20     4         ./ra/fsp/src/bsp/mcu/ra8p1/bsp_linker.o:(.rodata.nocache_list)
 200299c  200299c       20     1                 nocache_list
 20029bc  20029bc       18     4         ./ra/fsp/src/bsp/mcu/ra8p1/bsp_linker.o:(.rodata.g_init_info)
 20029bc  20029bc       18     1                 g_init_info
 20029d4  20029d4       84     4         ./ra/fsp/src/bsp/mcu/ra8p1/bsp_linker.o:(.rodata.zero_list)
 20029d4  20029d4       84     1                 zero_list
 2002a58  2002a58      190     4         ./ra/fsp/src/bsp/mcu/ra8p1/bsp_linker.o:(.rodata.copy_list)
 2002a58  2002a58      190     1                 copy_list
 2002be8  2002be8        8     2         <internal>:(.rodata.cst8)
 2002bf0  2002bf0       4e     4         ./ra/fsp/src/bsp/mcu/all/bsp_common.o:(.version)
 2002bf0  2002bf0        4     1                 g_fsp_version
 2002bf4  2002bf4        6     1                 g_fsp_version_string
 2002bfa  2002bfa       44     1                 g_fsp_version_build_string
 2002c3e  2002c3e        0     1         __flash_readonly$$Limit = .
 2002c3e  2002c3e        0     1 __flash_preinit_array$$
 2002c3e  2002c3e        0     1         __preinit_array_start = .
 2002c3e  2002c3e        0     1         __preinit_array_end = .
 2002c3e  2002c3e        0     1 __flash_init_array$$
 2002c3e  2002c3e        0     1         __init_array_start = .
 2002c3e  2002c3e        0     1         __init_array_end = .
 2002c3e  2002c3e        0     1 __flash_fini_array$$
 2002c3e  2002c3e        0     1         __fini_array_start = .
 2002c3e  2002c3e        0     1         __fini_array_end = .
 2002c3e  2002c3e        0     1 __flash_arm.exidx$$
 2002c3e  2002c3e        0     1         __exidx_start = .
 2002c3e  2002c3e        0     1         __exidx_end = .
 2008000  2008000        0     1 .flash.endof
 2008000  2008000        0     1         __ddsc_FLASH_END = .
 2008000  2008000        0     1 .flash.flat_nsc
 2008000  2008000        0     1         __sau_ddsc_FLASH_NSC = .
 2c9f040  2c9f040        0     1 .option_setting_ofs0.startof
 2c9f040  2c9f040        0     1         __ddsc_OPTION_SETTING_OFS0_START = .
 2c9f040  2c9f040        4     4 __option_setting_ofs0_reg$$
 2c9f040  2c9f040        0     1         __option_setting_ofs0_reg$$Base = .
 2c9f040  2c9f040        4     4         ./ra/fsp/src/bsp/mcu/ra8p1/bsp_linker.o:(.option_setting_ofs0)
 2c9f040  2c9f040        4     1                 g_bsp_cfg_option_setting_ofs0
 2c9f044  2c9f044        0     1         __option_setting_ofs0_reg$$Limit = .
 2c9f044  2c9f044        0     1 .option_setting_ofs0.endof
 2c9f044  2c9f044        0     1         __ddsc_OPTION_SETTING_OFS0_END = .
 2c9f044  2c9f044        0     1 .option_setting_ofs2.startof
 2c9f044  2c9f044        0     1         __ddsc_OPTION_SETTING_OFS2_START = .
 2c9f044  2c9f044        4     4 __option_setting_ofs2_reg$$
 2c9f044  2c9f044        0     1         __option_setting_ofs2_reg$$Base = .
 2c9f044  2c9f044        4     4         ./ra/fsp/src/bsp/mcu/ra8p1/bsp_linker.o:(.option_setting_ofs2)
 2c9f044  2c9f044        4     1                 g_bsp_cfg_option_setting_ofs2
 2c9f048  2c9f048        0     1         __option_setting_ofs2_reg$$Limit = .
 2c9f048  2c9f048        0     1 .option_setting_ofs2.endof
 2c9f048  2c9f048        0     1         __ddsc_OPTION_SETTING_OFS2_END = .
 2c9f074  2c9f074        0     1 .option_setting_sas.startof
 2c9f074  2c9f074        0     1         __ddsc_OPTION_SETTING_SAS_START = .
 2c9f074  2c9f074        0     1 __option_setting_sas_reg$$
 2c9f074  2c9f074        0     1         __option_setting_sas_reg$$Base = .
 2c9f074  2c9f074        0     1         __option_setting_sas_reg$$Limit = .
 2c9f074  2c9f074        0     1 .option_setting_sas.endof
 2c9f074  2c9f074        0     1         __ddsc_OPTION_SETTING_SAS_END = .
12c9f4c0 12c9f4c0        0     1 .option_setting_ofs1.startof
12c9f4c0 12c9f4c0        0     1         __ddsc_OPTION_SETTING_OFS1_START = .
12c9f4c0 12c9f4c0        0     1 __option_setting_ofs1_reg$$
12c9f4c0 12c9f4c0        0     1         __option_setting_ofs1_reg$$Base = .
12c9f4c0 12c9f4c0        0     1         __option_setting_ofs1_reg$$Limit = .
12c9f4c0 12c9f4c0        0     1 .option_setting_ofs1.endof
12c9f4c0 12c9f4c0        0     1         __ddsc_OPTION_SETTING_OFS1_END = .
 2c9f0c0  2c9f0c0        0     1 .option_setting_ofs1_sec.startof
 2c9f0c0  2c9f0c0        0     1         __ddsc_OPTION_SETTING_OFS1_SEC_START = .
 2c9f0c0  2c9f0c0        4     4 __option_setting_ofs1_sec_reg$$
 2c9f0c0  2c9f0c0        0     1         __option_setting_ofs1_sec_reg$$Base = .
 2c9f0c0  2c9f0c0        4     4         ./ra/fsp/src/bsp/mcu/ra8p1/bsp_linker.o:(.option_setting_ofs1_sec)
 2c9f0c0  2c9f0c0        4     1                 g_bsp_cfg_option_setting_ofs1_sec
 2c9f0c4  2c9f0c4        0     1         __option_setting_ofs1_sec_reg$$Limit = .
 2c9f0c4  2c9f0c4        0     1 .option_setting_ofs1_sec.endof
 2c9f0c4  2c9f0c4        0     1         __ddsc_OPTION_SETTING_OFS1_SEC_END = .
 2c9f120  2c9f120        0     1 .option_setting_ofs1_sel.startof
 2c9f120  2c9f120        0     1         __ddsc_OPTION_SETTING_OFS1_SEL_START = .
 2c9f120  2c9f120        4     4 __option_setting_ofs1_sel_reg$$
 2c9f120  2c9f120        0     1         __option_setting_ofs1_sel_reg$$Base = .
 2c9f120  2c9f120        4     4         ./ra/fsp/src/bsp/mcu/ra8p1/bsp_linker.o:(.option_setting_ofs1_sel)
 2c9f120  2c9f120        4     1                 g_bsp_cfg_option_setting_ofs1_sel
 2c9f124  2c9f124        0     1         __option_setting_ofs1_sel_reg$$Limit = .
 2c9f124  2c9f124        0     1 .option_setting_ofs1_sel.endof
 2c9f124  2c9f124        0     1         __ddsc_OPTION_SETTING_OFS1_SEL_END = .
12c9f4c4 12c9f4c4        0     1 .option_setting_ofs3.startof
12c9f4c4 12c9f4c4        0     1         __ddsc_OPTION_SETTING_OFS3_START = .
12c9f4c4 12c9f4c4        0     1 __option_setting_ofs3_reg$$
12c9f4c4 12c9f4c4        0     1         __option_setting_ofs3_reg$$Base = .
12c9f4c4 12c9f4c4        0     1         __option_setting_ofs3_reg$$Limit = .
12c9f4c4 12c9f4c4        0     1 .option_setting_ofs3.endof
12c9f4c4 12c9f4c4        0     1         __ddsc_OPTION_SETTING_OFS3_END = .
 2c9f0c4  2c9f0c4        0     1 .option_setting_ofs3_sec.startof
 2c9f0c4  2c9f0c4        0     1         __ddsc_OPTION_SETTING_OFS3_SEC_START = .
 2c9f0c4  2c9f0c4        4     4 __option_setting_ofs3_sec_reg$$
 2c9f0c4  2c9f0c4        0     1         __option_setting_ofs3_sec_reg$$Base = .
 2c9f0c4  2c9f0c4        4     4         ./ra/fsp/src/bsp/mcu/ra8p1/bsp_linker.o:(.option_setting_ofs3_sec)
 2c9f0c4  2c9f0c4        4     1                 g_bsp_cfg_option_setting_ofs3_sec
 2c9f0c8  2c9f0c8        0     1         __option_setting_ofs3_sec_reg$$Limit = .
 2c9f0c8  2c9f0c8        0     1 .option_setting_ofs3_sec.endof
 2c9f0c8  2c9f0c8        0     1         __ddsc_OPTION_SETTING_OFS3_SEC_END = .
 2c9f124  2c9f124        0     1 .option_setting_ofs3_sel.startof
 2c9f124  2c9f124        0     1         __ddsc_OPTION_SETTING_OFS3_SEL_START = .
 2c9f124  2c9f124        4     4 __option_setting_ofs3_sel_reg$$
 2c9f124  2c9f124        0     1         __option_setting_ofs3_sel_reg$$Base = .
 2c9f124  2c9f124        4     4         ./ra/fsp/src/bsp/mcu/ra8p1/bsp_linker.o:(.option_setting_ofs3_sel)
 2c9f124  2c9f124        4     1                 g_bsp_cfg_option_setting_ofs3_sel
 2c9f128  2c9f128        0     1         __option_setting_ofs3_sel_reg$$Limit = .
 2c9f128  2c9f128        0     1 .option_setting_ofs3_sel.endof
 2c9f128  2c9f128        0     1         __ddsc_OPTION_SETTING_OFS3_SEL_END = .
12c9f600 12c9f600        0     1 .option_setting_bps.startof
12c9f600 12c9f600        0     1         __ddsc_OPTION_SETTING_BPS_START = .
12c9f600 12c9f600        0     1 __option_setting_bps_reg$$
12c9f600 12c9f600        0     1         __option_setting_bps_reg$$Base = .
12c9f600 12c9f600        0     1         __option_setting_bps_reg$$Limit = .
12c9f600 12c9f600        0     1 .option_setting_bps.endof
12c9f600 12c9f600        0     1         __ddsc_OPTION_SETTING_BPS_END = .
 2c9f200  2c9f200        0     1 .option_setting_bps_sec.startof
 2c9f200  2c9f200        0     1         __ddsc_OPTION_SETTING_BPS_SEC_START = .
 2c9f200  2c9f200        0     1 __option_setting_bps_sec_reg$$
 2c9f200  2c9f200        0     1         __option_setting_bps_sec_reg$$Base = .
 2c9f200  2c9f200        0     1         __option_setting_bps_sec_reg$$Limit = .
 2c9f200  2c9f200        0     1 .option_setting_bps_sec.endof
 2c9f200  2c9f200        0     1         __ddsc_OPTION_SETTING_BPS_SEC_END = .
 2e07700  2e07700        0     1 .option_setting_otp_pbps_sec.startof
 2e07700  2e07700        0     1         __ddsc_OPTION_SETTING_OTP_PBPS_SEC_START = .
 2e07700  2e07700        0     1 __option_setting_otp_pbps_sec_reg$$
 2e07700  2e07700        0     1         __option_setting_otp_pbps_sec_reg$$Base = .
 2e07700  2e07700        0     1         __option_setting_otp_pbps_sec_reg$$Limit = .
 2e07700  2e07700        0     1 .option_setting_otp_pbps_sec.endof
 2e07700  2e07700        0     1         __ddsc_OPTION_SETTING_OTP_PBPS_SEC_END = .
12e07780 12e07780        0     1 .option_setting_otp_pbps.startof
12e07780 12e07780        0     1         __ddsc_OPTION_SETTING_OTP_PBPS_START = .
12e07780 12e07780        0     1 __option_setting_otp_pbps_reg$$
12e07780 12e07780        0     1         __option_setting_otp_pbps_reg$$Base = .
12e07780 12e07780        0     1         __option_setting_otp_pbps_reg$$Limit = .
12e07780 12e07780        0     1 .option_setting_otp_pbps.endof
12e07780 12e07780        0     1         __ddsc_OPTION_SETTING_OTP_PBPS_END = .
12e07780 12e07780        0     1 PROVIDE ( __tls_base = ADDR ( __ram_tdata$$ ) )
12e07780 12e07780        0     1 PROVIDE ( __tdata_source = LOADADDR ( __ram_tdata$$ ) )
12e07780 12e07780        0     1 PROVIDE ( __tdata_size = SIZEOF ( __ram_tdata$$ ) )
12e07780 12e07780        0     1 PROVIDE ( __tbss_offset = ADDR ( __ram_tbss$$ ) - ADDR ( __ram_tdata$$ ) )
12e07780 12e07780        0     1 PROVIDE ( __tbss_size = SIZEOF ( __ram_tbss$$ ) )
12e07780 12e07780        0     1 PROVIDE ( __arm32_tls_tcb_offset = 8 )
       0        0     3b93     1 .debug_loclists
       0        0     1800     1         ./src/SEGGER_RTT/SEGGER_RTT.o:(.debug_loclists)
    1800     1800      7ec     1         ./src/SEGGER_RTT/SEGGER_RTT_printf.o:(.debug_loclists)
    1fec     1fec       20     1         ./src/hal_entry.o:(.debug_loclists)
    200c     200c      138     1         ./src/pdm.o:(.debug_loclists)
    2144     2144      8d2     1         ./ra/fsp/src/r_pdm/r_pdm.o:(.debug_loclists)
    2a16     2a16      4ae     1         ./ra/fsp/src/r_ioport/r_ioport.o:(.debug_loclists)
    2ec4     2ec4      499     1         ./ra/fsp/src/r_dmac/r_dmac.o:(.debug_loclists)
    335d     335d      411     1         ./ra/fsp/src/bsp/mcu/all/bsp_clocks.o:(.debug_loclists)
    376e     376e       1d     1         ./ra/fsp/src/bsp/mcu/all/bsp_common.o:(.debug_loclists)
    378b     378b      105     1         ./ra/fsp/src/bsp/mcu/all/bsp_delay.o:(.debug_loclists)
    3890     3890       35     1         ./ra/fsp/src/bsp/mcu/all/bsp_group_irq.o:(.debug_loclists)
    38c5     38c5       5c     1         ./ra/fsp/src/bsp/mcu/all/bsp_ipc.o:(.debug_loclists)
    3921     3921       55     1         ./ra/fsp/src/bsp/mcu/all/bsp_register_protection.o:(.debug_loclists)
    3976     3976       1e     1         ./ra/fsp/src/bsp/mcu/all/bsp_sbrk.o:(.debug_loclists)
    3994     3994       36     1         ./ra/fsp/src/bsp/mcu/all/bsp_sdram.o:(.debug_loclists)
    39ca     39ca       cc     1         ./ra/fsp/src/bsp/cmsis/Device/RENESAS/Source/system.o:(.debug_loclists)
    3a96     3a96       2a     1         /Applications/Renesas e2 studio with RA FSP v6.0.0/toolchains/LLVM-ET-Arm-18.1.3-Darwin-universal/bin/../lib/clang-runtimes/arm-none-eabi/armv8.1m.main_hard_fpdp_nomve_exn_rtti/lib/libc.a(libc_picolib_inittls.c.o):(.debug_loclists)
    3ac0     3ac0       1b     1         /Applications/Renesas e2 studio with RA FSP v6.0.0/toolchains/LLVM-ET-Arm-18.1.3-Darwin-universal/bin/../lib/clang-runtimes/arm-none-eabi/armv8.1m.main_hard_fpdp_nomve_exn_rtti/lib/libc.a(bzero.c.o):(.debug_loclists)
    3adb     3adb       7a     1         /Applications/Renesas e2 studio with RA FSP v6.0.0/toolchains/LLVM-ET-Arm-18.1.3-Darwin-universal/bin/../lib/clang-runtimes/arm-none-eabi/armv8.1m.main_hard_fpdp_nomve_exn_rtti/lib/libc.a(memcpy.c.o):(.debug_loclists)
    3b55     3b55       3e     1         /Applications/Renesas e2 studio with RA FSP v6.0.0/toolchains/LLVM-ET-Arm-18.1.3-Darwin-universal/bin/../lib/clang-runtimes/arm-none-eabi/armv8.1m.main_hard_fpdp_nomve_exn_rtti/lib/libc.a(memset.c.o):(.debug_loclists)
       0        0     2e27     1 .debug_abbrev
       0        0      214     1         ./src/SEGGER_RTT/SEGGER_RTT.o:(.debug_abbrev)
     214      214      1e5     1         ./src/SEGGER_RTT/SEGGER_RTT_printf.o:(.debug_abbrev)
     3f9      3f9      119     1         ./src/hal_entry.o:(.debug_abbrev)
     512      512      1fb     1         ./src/pdm.o:(.debug_abbrev)
     70d      70d      10d     1         ./ra_gen/common_data.o:(.debug_abbrev)
     81a      81a      217     1         ./ra_gen/hal_data.o:(.debug_abbrev)
     a31      a31       3c     1         ./ra_gen/main.o:(.debug_abbrev)
     a6d      a6d       e6     1         ./ra_gen/pin_data.o:(.debug_abbrev)
     b53      b53       a8     1         ./ra_gen/vector_data.o:(.debug_abbrev)
     bfb      bfb      3ee     1         ./ra/fsp/src/r_pdm/r_pdm.o:(.debug_abbrev)
     fe9      fe9      32c     1         ./ra/fsp/src/r_ioport/r_ioport.o:(.debug_abbrev)
    1315     1315      44d     1         ./ra/fsp/src/r_dmac/r_dmac.o:(.debug_abbrev)
    1762     1762       a2     1         ./ra/fsp/src/bsp/mcu/ra8p1/bsp_linker.o:(.debug_abbrev)
    1804     1804      31e     1         ./ra/fsp/src/bsp/mcu/all/bsp_clocks.o:(.debug_abbrev)
    1b22     1b22      149     1         ./ra/fsp/src/bsp/mcu/all/bsp_common.o:(.debug_abbrev)
    1c6b     1c6b       ad     1         ./ra/fsp/src/bsp/mcu/all/bsp_delay.o:(.debug_abbrev)
    1d18     1d18      208     1         ./ra/fsp/src/bsp/mcu/all/bsp_group_irq.o:(.debug_abbrev)
    1f20     1f20       44     1         ./ra/fsp/src/bsp/mcu/all/bsp_io.o:(.debug_abbrev)
    1f64     1f64      1d3     1         ./ra/fsp/src/bsp/mcu/all/bsp_ipc.o:(.debug_abbrev)
    2137     2137      17a     1         ./ra/fsp/src/bsp/mcu/all/bsp_irq.o:(.debug_abbrev)
    22b1     22b1      216     1         ./ra/fsp/src/bsp/mcu/all/bsp_register_protection.o:(.debug_abbrev)
    24c7     24c7       67     1         ./ra/fsp/src/bsp/mcu/all/bsp_sbrk.o:(.debug_abbrev)
    252e     252e      1c4     1         ./ra/fsp/src/bsp/mcu/all/bsp_sdram.o:(.debug_abbrev)
    26f2     26f2       a7     1         ./ra/fsp/src/bsp/cmsis/Device/RENESAS/Source/startup.o:(.debug_abbrev)
    2799     2799      2bb     1         ./ra/fsp/src/bsp/cmsis/Device/RENESAS/Source/system.o:(.debug_abbrev)
    2a54     2a54       43     1         ./ra/board/ra8p1_ek/board_init.o:(.debug_abbrev)
    2a97     2a97       91     1         ./ra/board/ra8p1_ek/board_leds.o:(.debug_abbrev)
    2b28     2b28       2e     1         /Applications/Renesas e2 studio with RA FSP v6.0.0/toolchains/LLVM-ET-Arm-18.1.3-Darwin-universal/bin/../lib/clang-runtimes/arm-none-eabi/armv8.1m.main_hard_fpdp_nomve_exn_rtti/lib/libc.a(libc_errno_errno.c.o):(.debug_abbrev)
    2b56     2b56       74     1         /Applications/Renesas e2 studio with RA FSP v6.0.0/toolchains/LLVM-ET-Arm-18.1.3-Darwin-universal/bin/../lib/clang-runtimes/arm-none-eabi/armv8.1m.main_hard_fpdp_nomve_exn_rtti/lib/libc.a(libc_picolib_inittls.c.o):(.debug_abbrev)
    2bca     2bca       62     1         /Applications/Renesas e2 studio with RA FSP v6.0.0/toolchains/LLVM-ET-Arm-18.1.3-Darwin-universal/bin/../lib/clang-runtimes/arm-none-eabi/armv8.1m.main_hard_fpdp_nomve_exn_rtti/lib/libc.a(libc_picolib_machine_arm_tls.c.o):(.debug_abbrev)
    2c2c     2c2c       21     1         /Applications/Renesas e2 studio with RA FSP v6.0.0/toolchains/LLVM-ET-Arm-18.1.3-Darwin-universal/bin/../lib/clang-runtimes/arm-none-eabi/armv8.1m.main_hard_fpdp_nomve_exn_rtti/lib/libc.a(libc_picolib_machine_arm_read_tp.S.o):(.debug_abbrev)
    2c4d     2c4d       94     1         /Applications/Renesas e2 studio with RA FSP v6.0.0/toolchains/LLVM-ET-Arm-18.1.3-Darwin-universal/bin/../lib/clang-runtimes/arm-none-eabi/armv8.1m.main_hard_fpdp_nomve_exn_rtti/lib/libc.a(bzero.c.o):(.debug_abbrev)
    2ce1     2ce1       a0     1         /Applications/Renesas e2 studio with RA FSP v6.0.0/toolchains/LLVM-ET-Arm-18.1.3-Darwin-universal/bin/../lib/clang-runtimes/arm-none-eabi/armv8.1m.main_hard_fpdp_nomve_exn_rtti/lib/libc.a(memcpy.c.o):(.debug_abbrev)
    2d81     2d81       85     1         /Applications/Renesas e2 studio with RA FSP v6.0.0/toolchains/LLVM-ET-Arm-18.1.3-Darwin-universal/bin/../lib/clang-runtimes/arm-none-eabi/armv8.1m.main_hard_fpdp_nomve_exn_rtti/lib/libc.a(memset.c.o):(.debug_abbrev)
    2e06     2e06       21     1         /Applications/Renesas e2 studio with RA FSP v6.0.0/toolchains/LLVM-ET-Arm-18.1.3-Darwin-universal/bin/../lib/clang-runtimes/arm-none-eabi/armv8.1m.main_hard_fpdp_nomve_exn_rtti/lib/libc.a(strlen.S.o):(.debug_abbrev)
       0        0    35852     1 .debug_info
       0        0     15b1     1         ./src/SEGGER_RTT/SEGGER_RTT.o:(.debug_info)
    15b1     15b1      454     1         ./src/SEGGER_RTT/SEGGER_RTT_printf.o:(.debug_info)
    1a05     1a05      a05     1         ./src/hal_entry.o:(.debug_info)
    240a     240a      94f     1         ./src/pdm.o:(.debug_info)
    2d59     2d59      be2     1         ./ra_gen/common_data.o:(.debug_info)
    393b     393b     25f1     1         ./ra_gen/hal_data.o:(.debug_info)
    5f2c     5f2c       37     1         ./ra_gen/main.o:(.debug_info)
    5f63     5f63      49c     1         ./ra_gen/pin_data.o:(.debug_info)
    63ff     63ff      90c     1         ./ra_gen/vector_data.o:(.debug_info)
    6d0b     6d0b     3daa     1         ./ra/fsp/src/r_pdm/r_pdm.o:(.debug_info)
    aab5     aab5     8152     1         ./ra/fsp/src/r_ioport/r_ioport.o:(.debug_info)
   12c07    12c07     38ef     1         ./ra/fsp/src/r_dmac/r_dmac.o:(.debug_info)
   164f6    164f6      20b     1         ./ra/fsp/src/bsp/mcu/ra8p1/bsp_linker.o:(.debug_info)
   16701    16701     7eb0     1         ./ra/fsp/src/bsp/mcu/all/bsp_clocks.o:(.debug_info)
   1e5b1    1e5b1      58a     1         ./ra/fsp/src/bsp/mcu/all/bsp_common.o:(.debug_info)
   1eb3b    1eb3b      104     1         ./ra/fsp/src/bsp/mcu/all/bsp_delay.o:(.debug_info)
   1ec3f    1ec3f     11c7     1         ./ra/fsp/src/bsp/mcu/all/bsp_group_irq.o:(.debug_info)
   1fe06    1fe06       43     1         ./ra/fsp/src/bsp/mcu/all/bsp_io.o:(.debug_info)
   1fe49    1fe49     1611     1         ./ra/fsp/src/bsp/mcu/all/bsp_ipc.o:(.debug_info)
   2145a    2145a     15b8     1         ./ra/fsp/src/bsp/mcu/all/bsp_irq.o:(.debug_info)
   22a12    22a12     5294     1         ./ra/fsp/src/bsp/mcu/all/bsp_register_protection.o:(.debug_info)
   27ca6    27ca6       5f     1         ./ra/fsp/src/bsp/mcu/all/bsp_sbrk.o:(.debug_info)
   27d05    27d05     6a6d     1         ./ra/fsp/src/bsp/mcu/all/bsp_sdram.o:(.debug_info)
   2e772    2e772       b1     1         ./ra/fsp/src/bsp/cmsis/Device/RENESAS/Source/startup.o:(.debug_info)
   2e823    2e823     6a82     1         ./ra/fsp/src/bsp/cmsis/Device/RENESAS/Source/system.o:(.debug_info)
   352a5    352a5       3b     1         ./ra/board/ra8p1_ek/board_init.o:(.debug_info)
   352e0    352e0       88     1         ./ra/board/ra8p1_ek/board_leds.o:(.debug_info)
   35368    35368       2e     1         /Applications/Renesas e2 studio with RA FSP v6.0.0/toolchains/LLVM-ET-Arm-18.1.3-Darwin-universal/bin/../lib/clang-runtimes/arm-none-eabi/armv8.1m.main_hard_fpdp_nomve_exn_rtti/lib/libc.a(libc_errno_errno.c.o):(.debug_info)
   35396    35396       64     1         /Applications/Renesas e2 studio with RA FSP v6.0.0/toolchains/LLVM-ET-Arm-18.1.3-Darwin-universal/bin/../lib/clang-runtimes/arm-none-eabi/armv8.1m.main_hard_fpdp_nomve_exn_rtti/lib/libc.a(libc_picolib_inittls.c.o):(.debug_info)
   353fa    353fa       60     1         /Applications/Renesas e2 studio with RA FSP v6.0.0/toolchains/LLVM-ET-Arm-18.1.3-Darwin-universal/bin/../lib/clang-runtimes/arm-none-eabi/armv8.1m.main_hard_fpdp_nomve_exn_rtti/lib/libc.a(libc_picolib_machine_arm_tls.c.o):(.debug_info)
   3545a    3545a      13d     1         /Applications/Renesas e2 studio with RA FSP v6.0.0/toolchains/LLVM-ET-Arm-18.1.3-Darwin-universal/bin/../lib/clang-runtimes/arm-none-eabi/armv8.1m.main_hard_fpdp_nomve_exn_rtti/lib/libc.a(libc_picolib_machine_arm_read_tp.S.o):(.debug_info)
   35597    35597       76     1         /Applications/Renesas e2 studio with RA FSP v6.0.0/toolchains/LLVM-ET-Arm-18.1.3-Darwin-universal/bin/../lib/clang-runtimes/arm-none-eabi/armv8.1m.main_hard_fpdp_nomve_exn_rtti/lib/libc.a(bzero.c.o):(.debug_info)
   3560d    3560d       97     1         /Applications/Renesas e2 studio with RA FSP v6.0.0/toolchains/LLVM-ET-Arm-18.1.3-Darwin-universal/bin/../lib/clang-runtimes/arm-none-eabi/armv8.1m.main_hard_fpdp_nomve_exn_rtti/lib/libc.a(memcpy.c.o):(.debug_info)
   356a4    356a4       78     1         /Applications/Renesas e2 studio with RA FSP v6.0.0/toolchains/LLVM-ET-Arm-18.1.3-Darwin-universal/bin/../lib/clang-runtimes/arm-none-eabi/armv8.1m.main_hard_fpdp_nomve_exn_rtti/lib/libc.a(memset.c.o):(.debug_info)
   3571c    3571c      136     1         /Applications/Renesas e2 studio with RA FSP v6.0.0/toolchains/LLVM-ET-Arm-18.1.3-Darwin-universal/bin/../lib/clang-runtimes/arm-none-eabi/armv8.1m.main_hard_fpdp_nomve_exn_rtti/lib/libc.a(strlen.S.o):(.debug_info)
       0        0      779     1 .debug_rnglists
       0        0      1d5     1         ./src/SEGGER_RTT/SEGGER_RTT.o:(.debug_rnglists)
     1d5      1d5       c1     1         ./src/SEGGER_RTT/SEGGER_RTT_printf.o:(.debug_rnglists)
     296      296       17     1         ./src/hal_entry.o:(.debug_rnglists)
     2ad      2ad       53     1         ./src/pdm.o:(.debug_rnglists)
     300      300       d8     1         ./ra/fsp/src/r_pdm/r_pdm.o:(.debug_rnglists)
     3d8      3d8       6d     1         ./ra/fsp/src/r_ioport/r_ioport.o:(.debug_rnglists)
     445      445      170     1         ./ra/fsp/src/r_dmac/r_dmac.o:(.debug_rnglists)
     5b5      5b5       c2     1         ./ra/fsp/src/bsp/mcu/all/bsp_clocks.o:(.debug_rnglists)
     677      677       1a     1         ./ra/fsp/src/bsp/mcu/all/bsp_common.o:(.debug_rnglists)
     691      691       17     1         ./ra/fsp/src/bsp/mcu/all/bsp_delay.o:(.debug_rnglists)
     6a8      6a8       17     1         ./ra/fsp/src/bsp/mcu/all/bsp_group_irq.o:(.debug_rnglists)
     6bf      6bf       20     1         ./ra/fsp/src/bsp/mcu/all/bsp_ipc.o:(.debug_rnglists)
     6df      6df       24     1         ./ra/fsp/src/bsp/mcu/all/bsp_register_protection.o:(.debug_rnglists)
     703      703       1b     1         ./ra/fsp/src/bsp/mcu/all/bsp_sdram.o:(.debug_rnglists)
     71e      71e       17     1         ./ra/fsp/src/bsp/cmsis/Device/RENESAS/Source/startup.o:(.debug_rnglists)
     735      735       44     1         ./ra/fsp/src/bsp/cmsis/Device/RENESAS/Source/system.o:(.debug_rnglists)
       0        0    105ec     1 .debug_str_offsets
       0        0      188     1         ./src/SEGGER_RTT/SEGGER_RTT.o:(.debug_str_offsets)
     188      188       c4     1         ./src/SEGGER_RTT/SEGGER_RTT_printf.o:(.debug_str_offsets)
     24c      24c      81c     1         ./src/hal_entry.o:(.debug_str_offsets)
     a68      a68      570     1         ./src/pdm.o:(.debug_str_offsets)
     fd8      fd8      8b4     1         ./ra_gen/common_data.o:(.debug_str_offsets)
    188c     188c     131c     1         ./ra_gen/hal_data.o:(.debug_str_offsets)
    2ba8     2ba8       1c     1         ./ra_gen/main.o:(.debug_str_offsets)
    2bc4     2bc4      428     1         ./ra_gen/pin_data.o:(.debug_str_offsets)
    2fec     2fec      804     1         ./ra_gen/vector_data.o:(.debug_str_offsets)
    37f0     37f0     131c     1         ./ra/fsp/src/r_pdm/r_pdm.o:(.debug_str_offsets)
    4b0c     4b0c     2230     1         ./ra/fsp/src/r_ioport/r_ioport.o:(.debug_str_offsets)
    6d3c     6d3c     16dc     1         ./ra/fsp/src/r_dmac/r_dmac.o:(.debug_str_offsets)
    8418     8418       ac     1         ./ra/fsp/src/bsp/mcu/ra8p1/bsp_linker.o:(.debug_str_offsets)
    84c4     84c4     1a54     1         ./ra/fsp/src/bsp/mcu/all/bsp_clocks.o:(.debug_str_offsets)
    9f18     9f18      45c     1         ./ra/fsp/src/bsp/mcu/all/bsp_common.o:(.debug_str_offsets)
    a374     a374       74     1         ./ra/fsp/src/bsp/mcu/all/bsp_delay.o:(.debug_str_offsets)
    a3e8     a3e8      7d4     1         ./ra/fsp/src/bsp/mcu/all/bsp_group_irq.o:(.debug_str_offsets)
    abbc     abbc       24     1         ./ra/fsp/src/bsp/mcu/all/bsp_io.o:(.debug_str_offsets)
    abe0     abe0      89c     1         ./ra/fsp/src/bsp/mcu/all/bsp_ipc.o:(.debug_str_offsets)
    b47c     b47c      b8c     1         ./ra/fsp/src/bsp/mcu/all/bsp_irq.o:(.debug_str_offsets)
    c008     c008     1318     1         ./ra/fsp/src/bsp/mcu/all/bsp_register_protection.o:(.debug_str_offsets)
    d320     d320       2c     1         ./ra/fsp/src/bsp/mcu/all/bsp_sbrk.o:(.debug_str_offsets)
    d34c     d34c     16ec     1         ./ra/fsp/src/bsp/mcu/all/bsp_sdram.o:(.debug_str_offsets)
    ea38     ea38       3c     1         ./ra/fsp/src/bsp/cmsis/Device/RENESAS/Source/startup.o:(.debug_str_offsets)
    ea74     ea74     1a00     1         ./ra/fsp/src/bsp/cmsis/Device/RENESAS/Source/system.o:(.debug_str_offsets)
   10474    10474       1c     1         ./ra/board/ra8p1_ek/board_init.o:(.debug_str_offsets)
   10490    10490       3c     1         ./ra/board/ra8p1_ek/board_leds.o:(.debug_str_offsets)
   104cc    104cc       1c     1         /Applications/Renesas e2 studio with RA FSP v6.0.0/toolchains/LLVM-ET-Arm-18.1.3-Darwin-universal/bin/../lib/clang-runtimes/arm-none-eabi/armv8.1m.main_hard_fpdp_nomve_exn_rtti/lib/libc.a(libc_errno_errno.c.o):(.debug_str_offsets)
   104e8    104e8       30     1         /Applications/Renesas e2 studio with RA FSP v6.0.0/toolchains/LLVM-ET-Arm-18.1.3-Darwin-universal/bin/../lib/clang-runtimes/arm-none-eabi/armv8.1m.main_hard_fpdp_nomve_exn_rtti/lib/libc.a(libc_picolib_inittls.c.o):(.debug_str_offsets)
   10518    10518       30     1         /Applications/Renesas e2 studio with RA FSP v6.0.0/toolchains/LLVM-ET-Arm-18.1.3-Darwin-universal/bin/../lib/clang-runtimes/arm-none-eabi/armv8.1m.main_hard_fpdp_nomve_exn_rtti/lib/libc.a(libc_picolib_machine_arm_tls.c.o):(.debug_str_offsets)
   10548    10548       30     1         /Applications/Renesas e2 studio with RA FSP v6.0.0/toolchains/LLVM-ET-Arm-18.1.3-Darwin-universal/bin/../lib/clang-runtimes/arm-none-eabi/armv8.1m.main_hard_fpdp_nomve_exn_rtti/lib/libc.a(bzero.c.o):(.debug_str_offsets)
   10578    10578       3c     1         /Applications/Renesas e2 studio with RA FSP v6.0.0/toolchains/LLVM-ET-Arm-18.1.3-Darwin-universal/bin/../lib/clang-runtimes/arm-none-eabi/armv8.1m.main_hard_fpdp_nomve_exn_rtti/lib/libc.a(memcpy.c.o):(.debug_str_offsets)
   105b4    105b4       38     1         /Applications/Renesas e2 studio with RA FSP v6.0.0/toolchains/LLVM-ET-Arm-18.1.3-Darwin-universal/bin/../lib/clang-runtimes/arm-none-eabi/armv8.1m.main_hard_fpdp_nomve_exn_rtti/lib/libc.a(memset.c.o):(.debug_str_offsets)
       0        0    10278     1 .debug_str
       0        0    10278     1         <internal>:(.debug_str)
       0        0      774     1 .debug_addr
       0        0      1b8     1         ./src/SEGGER_RTT/SEGGER_RTT.o:(.debug_addr)
     1b8      1b8       40     1         ./src/SEGGER_RTT/SEGGER_RTT_printf.o:(.debug_addr)
     1f8      1f8       14     1         ./src/hal_entry.o:(.debug_addr)
     20c      20c       b8     1         ./src/pdm.o:(.debug_addr)
     2c4      2c4       14     1         ./ra_gen/common_data.o:(.debug_addr)
     2d8      2d8       30     1         ./ra_gen/hal_data.o:(.debug_addr)
     308      308        c     1         ./ra_gen/main.o:(.debug_addr)
     314      314       10     1         ./ra_gen/pin_data.o:(.debug_addr)
     324      324       10     1         ./ra_gen/vector_data.o:(.debug_addr)
     334      334       c0     1         ./ra/fsp/src/r_pdm/r_pdm.o:(.debug_addr)
     3f4      3f4       8c     1         ./ra/fsp/src/r_ioport/r_ioport.o:(.debug_addr)
     480      480       5c     1         ./ra/fsp/src/r_dmac/r_dmac.o:(.debug_addr)
     4dc      4dc       30     1         ./ra/fsp/src/bsp/mcu/ra8p1/bsp_linker.o:(.debug_addr)
     50c      50c       c4     1         ./ra/fsp/src/bsp/mcu/all/bsp_clocks.o:(.debug_addr)
     5d0      5d0       20     1         ./ra/fsp/src/bsp/mcu/all/bsp_common.o:(.debug_addr)
     5f0      5f0       20     1         ./ra/fsp/src/bsp/mcu/all/bsp_delay.o:(.debug_addr)
     610      610       1c     1         ./ra/fsp/src/bsp/mcu/all/bsp_group_irq.o:(.debug_addr)
     62c      62c        c     1         ./ra/fsp/src/bsp/mcu/all/bsp_io.o:(.debug_addr)
     638      638       24     1         ./ra/fsp/src/bsp/mcu/all/bsp_ipc.o:(.debug_addr)
     65c      65c       18     1         ./ra/fsp/src/bsp/mcu/all/bsp_irq.o:(.debug_addr)
     674      674       2c     1         ./ra/fsp/src/bsp/mcu/all/bsp_register_protection.o:(.debug_addr)
     6a0      6a0        c     1         ./ra/fsp/src/bsp/mcu/all/bsp_sbrk.o:(.debug_addr)
     6ac      6ac       14     1         ./ra/fsp/src/bsp/mcu/all/bsp_sdram.o:(.debug_addr)
     6c0      6c0       1c     1         ./ra/fsp/src/bsp/cmsis/Device/RENESAS/Source/startup.o:(.debug_addr)
     6dc      6dc       3c     1         ./ra/fsp/src/bsp/cmsis/Device/RENESAS/Source/system.o:(.debug_addr)
     718      718        c     1         ./ra/board/ra8p1_ek/board_init.o:(.debug_addr)
     724      724       10     1         ./ra/board/ra8p1_ek/board_leds.o:(.debug_addr)
     734      734        c     1         /Applications/Renesas e2 studio with RA FSP v6.0.0/toolchains/LLVM-ET-Arm-18.1.3-Darwin-universal/bin/../lib/clang-runtimes/arm-none-eabi/armv8.1m.main_hard_fpdp_nomve_exn_rtti/lib/libc.a(libc_picolib_inittls.c.o):(.debug_addr)
     740      740        c     1         /Applications/Renesas e2 studio with RA FSP v6.0.0/toolchains/LLVM-ET-Arm-18.1.3-Darwin-universal/bin/../lib/clang-runtimes/arm-none-eabi/armv8.1m.main_hard_fpdp_nomve_exn_rtti/lib/libc.a(libc_picolib_machine_arm_tls.c.o):(.debug_addr)
     74c      74c       10     1         /Applications/Renesas e2 studio with RA FSP v6.0.0/toolchains/LLVM-ET-Arm-18.1.3-Darwin-universal/bin/../lib/clang-runtimes/arm-none-eabi/armv8.1m.main_hard_fpdp_nomve_exn_rtti/lib/libc.a(bzero.c.o):(.debug_addr)
     75c      75c        c     1         /Applications/Renesas e2 studio with RA FSP v6.0.0/toolchains/LLVM-ET-Arm-18.1.3-Darwin-universal/bin/../lib/clang-runtimes/arm-none-eabi/armv8.1m.main_hard_fpdp_nomve_exn_rtti/lib/libc.a(memcpy.c.o):(.debug_addr)
     768      768        c     1         /Applications/Renesas e2 studio with RA FSP v6.0.0/toolchains/LLVM-ET-Arm-18.1.3-Darwin-universal/bin/../lib/clang-runtimes/arm-none-eabi/armv8.1m.main_hard_fpdp_nomve_exn_rtti/lib/libc.a(memset.c.o):(.debug_addr)
       0        0       29     1 .comment
       0        0       29     1         <internal>:(.comment)
       0        0       50     1 .ARM.attributes
       0        0       50     1         ./src/SEGGER_RTT/SEGGER_RTT.o:(.ARM.attributes)
       0        0     1004     4 .debug_frame
       0        0      448     4         ./src/SEGGER_RTT/SEGGER_RTT.o:(.debug_frame)
     448      448       8c     4         ./src/SEGGER_RTT/SEGGER_RTT_printf.o:(.debug_frame)
     4d4      4d4       34     4         ./src/hal_entry.o:(.debug_frame)
     508      508       ac     4         ./src/pdm.o:(.debug_frame)
     5b4      5b4       24     4         ./ra_gen/common_data.o:(.debug_frame)
     5d8      5d8       24     4         ./ra_gen/hal_data.o:(.debug_frame)
     5fc      5fc       30     4         ./ra_gen/main.o:(.debug_frame)
     62c      62c      18c     4         ./ra/fsp/src/r_pdm/r_pdm.o:(.debug_frame)
     7b8      7b8      18c     4         ./ra/fsp/src/r_ioport/r_ioport.o:(.debug_frame)
     944      944      154     4         ./ra/fsp/src/r_dmac/r_dmac.o:(.debug_frame)
     a98      a98      188     4         ./ra/fsp/src/bsp/mcu/all/bsp_clocks.o:(.debug_frame)
     c20      c20       44     4         ./ra/fsp/src/bsp/mcu/all/bsp_common.o:(.debug_frame)
     c64      c64       34     4         ./ra/fsp/src/bsp/mcu/all/bsp_delay.o:(.debug_frame)
     c98      c98       48     4         ./ra/fsp/src/bsp/mcu/all/bsp_group_irq.o:(.debug_frame)
     ce0      ce0       70     4         ./ra/fsp/src/bsp/mcu/all/bsp_ipc.o:(.debug_frame)
     d50      d50       30     4         ./ra/fsp/src/bsp/mcu/all/bsp_irq.o:(.debug_frame)
     d80      d80       44     4         ./ra/fsp/src/bsp/mcu/all/bsp_register_protection.o:(.debug_frame)
     dc4      dc4       30     4         ./ra/fsp/src/bsp/mcu/all/bsp_sbrk.o:(.debug_frame)
     df4      df4       68     4         ./ra/fsp/src/bsp/mcu/all/bsp_sdram.o:(.debug_frame)
     e5c      e5c       40     4         ./ra/fsp/src/bsp/cmsis/Device/RENESAS/Source/startup.o:(.debug_frame)
     e9c      e9c       4c     4         ./ra/fsp/src/bsp/cmsis/Device/RENESAS/Source/system.o:(.debug_frame)
     ee8      ee8       24     4         ./ra/board/ra8p1_ek/board_init.o:(.debug_frame)
     f0c      f0c       34     4         /Applications/Renesas e2 studio with RA FSP v6.0.0/toolchains/LLVM-ET-Arm-18.1.3-Darwin-universal/bin/../lib/clang-runtimes/arm-none-eabi/armv8.1m.main_hard_fpdp_nomve_exn_rtti/lib/libc.a(libc_picolib_inittls.c.o):(.debug_frame)
     f40      f40       24     4         /Applications/Renesas e2 studio with RA FSP v6.0.0/toolchains/LLVM-ET-Arm-18.1.3-Darwin-universal/bin/../lib/clang-runtimes/arm-none-eabi/armv8.1m.main_hard_fpdp_nomve_exn_rtti/lib/libc.a(libc_picolib_machine_arm_tls.c.o):(.debug_frame)
     f64      f64       24     4         /Applications/Renesas e2 studio with RA FSP v6.0.0/toolchains/LLVM-ET-Arm-18.1.3-Darwin-universal/bin/../lib/clang-runtimes/arm-none-eabi/armv8.1m.main_hard_fpdp_nomve_exn_rtti/lib/libc.a(libc_picolib_machine_arm_read_tp.S.o):(.debug_frame)
     f88      f88       24     4         /Applications/Renesas e2 studio with RA FSP v6.0.0/toolchains/LLVM-ET-Arm-18.1.3-Darwin-universal/bin/../lib/clang-runtimes/arm-none-eabi/armv8.1m.main_hard_fpdp_nomve_exn_rtti/lib/libc.a(bzero.c.o):(.debug_frame)
     fac      fac       34     4         /Applications/Renesas e2 studio with RA FSP v6.0.0/toolchains/LLVM-ET-Arm-18.1.3-Darwin-universal/bin/../lib/clang-runtimes/arm-none-eabi/armv8.1m.main_hard_fpdp_nomve_exn_rtti/lib/libc.a(memcpy.c.o):(.debug_frame)
     fe0      fe0       24     4         /Applications/Renesas e2 studio with RA FSP v6.0.0/toolchains/LLVM-ET-Arm-18.1.3-Darwin-universal/bin/../lib/clang-runtimes/arm-none-eabi/armv8.1m.main_hard_fpdp_nomve_exn_rtti/lib/libc.a(memset.c.o):(.debug_frame)
       0        0     5757     1 .debug_line
       0        0     16e5     1         ./src/SEGGER_RTT/SEGGER_RTT.o:(.debug_line)
    16e5     16e5      64c     1         ./src/SEGGER_RTT/SEGGER_RTT_printf.o:(.debug_line)
    1d31     1d31      12d     1         ./src/hal_entry.o:(.debug_line)
    1e5e     1e5e      33a     1         ./src/pdm.o:(.debug_line)
    2198     2198       df     1         ./ra_gen/common_data.o:(.debug_line)
    2277     2277      168     1         ./ra_gen/hal_data.o:(.debug_line)
    23df     23df       5a     1         ./ra_gen/main.o:(.debug_line)
    2439     2439       a3     1         ./ra_gen/pin_data.o:(.debug_line)
    24dc     24dc       86     1         ./ra_gen/vector_data.o:(.debug_line)
    2562     2562      957     1         ./ra/fsp/src/r_pdm/r_pdm.o:(.debug_line)
    2eb9     2eb9      581     1         ./ra/fsp/src/r_ioport/r_ioport.o:(.debug_line)
    343a     343a      617     1         ./ra/fsp/src/r_dmac/r_dmac.o:(.debug_line)
    3a51     3a51       8e     1         ./ra/fsp/src/bsp/mcu/ra8p1/bsp_linker.o:(.debug_line)
    3adf     3adf      a46     1         ./ra/fsp/src/bsp/mcu/all/bsp_clocks.o:(.debug_line)
    4525     4525       ec     1         ./ra/fsp/src/bsp/mcu/all/bsp_common.o:(.debug_line)
    4611     4611      12f     1         ./ra/fsp/src/bsp/mcu/all/bsp_delay.o:(.debug_line)
    4740     4740      138     1         ./ra/fsp/src/bsp/mcu/all/bsp_group_irq.o:(.debug_line)
    4878     4878       75     1         ./ra/fsp/src/bsp/mcu/all/bsp_io.o:(.debug_line)
    48ed     48ed      197     1         ./ra/fsp/src/bsp/mcu/all/bsp_ipc.o:(.debug_line)
    4a84     4a84       e5     1         ./ra/fsp/src/bsp/mcu/all/bsp_irq.o:(.debug_line)
    4b69     4b69      11f     1         ./ra/fsp/src/bsp/mcu/all/bsp_register_protection.o:(.debug_line)
    4c88     4c88       9a     1         ./ra/fsp/src/bsp/mcu/all/bsp_sbrk.o:(.debug_line)
    4d22     4d22      1d2     1         ./ra/fsp/src/bsp/mcu/all/bsp_sdram.o:(.debug_line)
    4ef4     4ef4       a4     1         ./ra/fsp/src/bsp/cmsis/Device/RENESAS/Source/startup.o:(.debug_line)
    4f98     4f98      2de     1         ./ra/fsp/src/bsp/cmsis/Device/RENESAS/Source/system.o:(.debug_line)
    5276     5276       57     1         ./ra/board/ra8p1_ek/board_init.o:(.debug_line)
    52cd     52cd       8e     1         ./ra/board/ra8p1_ek/board_leds.o:(.debug_line)
    535b     535b       43     1         /Applications/Renesas e2 studio with RA FSP v6.0.0/toolchains/LLVM-ET-Arm-18.1.3-Darwin-universal/bin/../lib/clang-runtimes/arm-none-eabi/armv8.1m.main_hard_fpdp_nomve_exn_rtti/lib/libc.a(libc_errno_errno.c.o):(.debug_line)
    539e     539e       a2     1         /Applications/Renesas e2 studio with RA FSP v6.0.0/toolchains/LLVM-ET-Arm-18.1.3-Darwin-universal/bin/../lib/clang-runtimes/arm-none-eabi/armv8.1m.main_hard_fpdp_nomve_exn_rtti/lib/libc.a(libc_picolib_inittls.c.o):(.debug_line)
    5440     5440       ad     1         /Applications/Renesas e2 studio with RA FSP v6.0.0/toolchains/LLVM-ET-Arm-18.1.3-Darwin-universal/bin/../lib/clang-runtimes/arm-none-eabi/armv8.1m.main_hard_fpdp_nomve_exn_rtti/lib/libc.a(libc_picolib_machine_arm_tls.c.o):(.debug_line)
    54ed     54ed       45     1         /Applications/Renesas e2 studio with RA FSP v6.0.0/toolchains/LLVM-ET-Arm-18.1.3-Darwin-universal/bin/../lib/clang-runtimes/arm-none-eabi/armv8.1m.main_hard_fpdp_nomve_exn_rtti/lib/libc.a(libc_picolib_machine_arm_read_tp.S.o):(.debug_line)
    5532     5532       a1     1         /Applications/Renesas e2 studio with RA FSP v6.0.0/toolchains/LLVM-ET-Arm-18.1.3-Darwin-universal/bin/../lib/clang-runtimes/arm-none-eabi/armv8.1m.main_hard_fpdp_nomve_exn_rtti/lib/libc.a(bzero.c.o):(.debug_line)
    55d3     55d3       9f     1         /Applications/Renesas e2 studio with RA FSP v6.0.0/toolchains/LLVM-ET-Arm-18.1.3-Darwin-universal/bin/../lib/clang-runtimes/arm-none-eabi/armv8.1m.main_hard_fpdp_nomve_exn_rtti/lib/libc.a(memcpy.c.o):(.debug_line)
    5672     5672       96     1         /Applications/Renesas e2 studio with RA FSP v6.0.0/toolchains/LLVM-ET-Arm-18.1.3-Darwin-universal/bin/../lib/clang-runtimes/arm-none-eabi/armv8.1m.main_hard_fpdp_nomve_exn_rtti/lib/libc.a(memset.c.o):(.debug_line)
    5708     5708       4f     1         /Applications/Renesas e2 studio with RA FSP v6.0.0/toolchains/LLVM-ET-Arm-18.1.3-Darwin-universal/bin/../lib/clang-runtimes/arm-none-eabi/armv8.1m.main_hard_fpdp_nomve_exn_rtti/lib/libc.a(strlen.S.o):(.debug_line)
       0        0      ff1     1 .debug_line_str
       0        0      ff1     1         <internal>:(.debug_line_str)
       0        0       40     1 .debug_aranges
       0        0       20     1         /Applications/Renesas e2 studio with RA FSP v6.0.0/toolchains/LLVM-ET-Arm-18.1.3-Darwin-universal/bin/../lib/clang-runtimes/arm-none-eabi/armv8.1m.main_hard_fpdp_nomve_exn_rtti/lib/libc.a(libc_picolib_machine_arm_read_tp.S.o):(.debug_aranges)
      20       20       20     1         /Applications/Renesas e2 studio with RA FSP v6.0.0/toolchains/LLVM-ET-Arm-18.1.3-Darwin-universal/bin/../lib/clang-runtimes/arm-none-eabi/armv8.1m.main_hard_fpdp_nomve_exn_rtti/lib/libc.a(strlen.S.o):(.debug_aranges)
       0        0     1dc0     4 .symtab
       0        0     1dc0     4         <internal>:(.symtab)
       0        0      c0c     1 .shstrtab
       0        0      c0c     1         <internal>:(.shstrtab)
       0        0     2655     1 .strtab
       0        0     2655     1         <internal>:(.strtab)

Cross Reference Table

Symbol                                            File
_SEGGER_RTT                                       ./src/SEGGER_RTT/SEGGER_RTT.o
__aeabi_memclr4                                   /Applications/Renesas e2 studio with RA FSP v6.0.0/toolchains/LLVM-ET-Arm-18.1.3-Darwin-universal/bin/../lib/clang-runtimes/arm-none-eabi/armv8.1m.main_hard_fpdp_nomve_exn_rtti/lib/libc.a(bzero.c.o)
                                                  ./src/SEGGER_RTT/SEGGER_RTT.o
                                                  ./ra/fsp/src/bsp/cmsis/Device/RENESAS/Source/system.o
__aeabi_memcpy                                    /Applications/Renesas e2 studio with RA FSP v6.0.0/toolchains/LLVM-ET-Arm-18.1.3-Darwin-universal/bin/../lib/clang-runtimes/arm-none-eabi/armv8.1m.main_hard_fpdp_nomve_exn_rtti/lib/libc.a(memcpy.c.o)
                                                  ./src/SEGGER_RTT/SEGGER_RTT.o
                                                  /Applications/Renesas e2 studio with RA FSP v6.0.0/toolchains/LLVM-ET-Arm-18.1.3-Darwin-universal/bin/../lib/clang-runtimes/arm-none-eabi/armv8.1m.main_hard_fpdp_nomve_exn_rtti/lib/libc.a(libc_picolib_inittls.c.o)
SEGGER_RTT_WriteNoLock                            ./src/SEGGER_RTT/SEGGER_RTT.o
SEGGER_RTT_Write                                  ./src/SEGGER_RTT/SEGGER_RTT.o
                                                  ./src/SEGGER_RTT/SEGGER_RTT_printf.o
SEGGER_RTT_Init                                   ./src/SEGGER_RTT/SEGGER_RTT.o
                                                  ./src/pdm.o
SEGGER_RTT_vprintf                                ./src/SEGGER_RTT/SEGGER_RTT_printf.o
SEGGER_RTT_printf                                 ./src/SEGGER_RTT/SEGGER_RTT_printf.o
                                                  ./src/pdm.o
[...]
                                                  ./ra/fsp/src/bsp/mcu/ra8p1/bsp_linker.o
__sdram_from_data_flash$$Base                     fsp_gen.lld:279
                                                  ./ra/fsp/src/bsp/mcu/ra8p1/bsp_linker.o
__sdram_from_data_flash$$Limit                    fsp_gen.lld:284
                                                  ./ra/fsp/src/bsp/mcu/ra8p1/bsp_linker.o
__sdram_from_data_flash$$Load                     fsp_gen.lld:279
                                                  ./ra/fsp/src/bsp/mcu/ra8p1/bsp_linker.o
__sdram_from_flash$$Base                          fsp_gen.lld:394
                                                  ./ra/fsp/src/bsp/mcu/ra8p1/bsp_linker.o
__sdram_from_flash$$Limit                         fsp_gen.lld:399
                                                  ./ra/fsp/src/bsp/mcu/ra8p1/bsp_linker.o
__sdram_from_flash$$Load                          fsp_gen.lld:394
                                                  ./ra/fsp/src/bsp/mcu/ra8p1/bsp_linker.o
__ospi0_cs0_from_ospi0_cs1$$Base                  fsp_gen.lld:65
                                                  ./ra/fsp/src/bsp/mcu/ra8p1/bsp_linker.o
__ospi0_cs0_from_ospi0_cs1$$Limit                 fsp_gen.lld:70
                                                  ./ra/fsp/src/bsp/mcu/ra8p1/bsp_linker.o
__ospi0_cs0_from_ospi0_cs1$$Load                  fsp_gen.lld:65
                                                  ./ra/fsp/src/bsp/mcu/ra8p1/bsp_linker.o
__ospi0_cs0_from_ospi1_cs1$$Base                  fsp_gen.lld:191
                                                  ./ra/fsp/src/bsp/mcu/ra8p1/bsp_linker.o
__ospi0_cs0_from_ospi1_cs1$$Limit                 fsp_gen.lld:196
                                                  ./ra/fsp/src/bsp/mcu/ra8p1/bsp_linker.o
__ospi0_cs0_from_ospi1_cs1$$Load                  fsp_gen.lld:191
                                                  ./ra/fsp/src/bsp/mcu/ra8p1/bsp_linker.o
__ospi0_cs0_from_data_flash$$Base                 fsp_gen.lld:291
                                                  ./ra/fsp/src/bsp/mcu/ra8p1/bsp_linker.o
__ospi0_cs0_from_data_flash$$Limit                fsp_gen.lld:296
                                                  ./ra/fsp/src/bsp/mcu/ra8p1/bsp_linker.o
__ospi0_cs0_from_data_flash$$Load                 fsp_gen.lld:291
                                                  ./ra/fsp/src/bsp/mcu/ra8p1/bsp_linker.o
__ospi0_cs0_from_flash$$Base                      fsp_gen.lld:444
                                                  ./ra/fsp/src/bsp/mcu/ra8p1/bsp_linker.o
__ospi0_cs0_from_flash$$Limit                     fsp_gen.lld:449
                                                  ./ra/fsp/src/bsp/mcu/ra8p1/bsp_linker.o
__ospi0_cs0_from_flash$$Load                      fsp_gen.lld:444
                                                  ./ra/fsp/src/bsp/mcu/ra8p1/bsp_linker.o
__ospi1_cs0_from_ospi0_cs1$$Base                  fsp_gen.lld:82
                                                  ./ra/fsp/src/bsp/mcu/ra8p1/bsp_linker.o
__ospi1_cs0_from_ospi0_cs1$$Limit                 fsp_gen.lld:87
                                                  ./ra/fsp/src/bsp/mcu/ra8p1/bsp_linker.o
__ospi1_cs0_from_ospi0_cs1$$Load                  fsp_gen.lld:82
                                                  ./ra/fsp/src/bsp/mcu/ra8p1/bsp_linker.o
__ospi1_cs0_from_ospi1_cs1$$Base                  fsp_gen.lld:203
                                                  ./ra/fsp/src/bsp/mcu/ra8p1/bsp_linker.o
__ospi1_cs0_from_ospi1_cs1$$Limit                 fsp_gen.lld:208
                                                  ./ra/fsp/src/bsp/mcu/ra8p1/bsp_linker.o
__ospi1_cs0_from_ospi1_cs1$$Load                  fsp_gen.lld:203
                                                  ./ra/fsp/src/bsp/mcu/ra8p1/bsp_linker.o
__ospi1_cs0_from_data_flash$$Base                 fsp_gen.lld:303
                                                  ./ra/fsp/src/bsp/mcu/ra8p1/bsp_linker.o
__ospi1_cs0_from_data_flash$$Limit                fsp_gen.lld:308
                                                  ./ra/fsp/src/bsp/mcu/ra8p1/bsp_linker.o
__ospi1_cs0_from_data_flash$$Load                 fsp_gen.lld:303
                                                  ./ra/fsp/src/bsp/mcu/ra8p1/bsp_linker.o
__ospi1_cs0_from_flash$$Base                      fsp_gen.lld:494
                                                  ./ra/fsp/src/bsp/mcu/ra8p1/bsp_linker.o
__ospi1_cs0_from_flash$$Limit                     fsp_gen.lld:499
                                                  ./ra/fsp/src/bsp/mcu/ra8p1/bsp_linker.o
__ospi1_cs0_from_flash$$Load                      fsp_gen.lld:494
                                                  ./ra/fsp/src/bsp/mcu/ra8p1/bsp_linker.o
__itcm_from_ospi0_cs1$$Base                       fsp_gen.lld:99
                                                  ./ra/fsp/src/bsp/mcu/ra8p1/bsp_linker.o
__itcm_from_ospi0_cs1$$Limit                      fsp_gen.lld:104
                                                  ./ra/fsp/src/bsp/mcu/ra8p1/bsp_linker.o
__itcm_from_ospi0_cs1$$Load                       fsp_gen.lld:99
                                                  ./ra/fsp/src/bsp/mcu/ra8p1/bsp_linker.o
__itcm_from_ospi1_cs1$$Base                       fsp_gen.lld:215
                                                  ./ra/fsp/src/bsp/mcu/ra8p1/bsp_linker.o
__itcm_from_ospi1_cs1$$Limit                      fsp_gen.lld:220
                                                  ./ra/fsp/src/bsp/mcu/ra8p1/bsp_linker.o
__itcm_from_ospi1_cs1$$Load                       fsp_gen.lld:215
                                                  ./ra/fsp/src/bsp/mcu/ra8p1/bsp_linker.o
__itcm_from_data_flash$$Base                      fsp_gen.lld:315
                                                  ./ra/fsp/src/bsp/mcu/ra8p1/bsp_linker.o
__itcm_from_data_flash$$Limit                     fsp_gen.lld:320
                                                  ./ra/fsp/src/bsp/mcu/ra8p1/bsp_linker.o
__itcm_from_data_flash$$Load                      fsp_gen.lld:315
                                                  ./ra/fsp/src/bsp/mcu/ra8p1/bsp_linker.o
__itcm_from_flash$$Base                           fsp_gen.lld:544
                                                  ./ra/fsp/src/bsp/mcu/ra8p1/bsp_linker.o
__itcm_from_flash$$Limit                          fsp_gen.lld:549
                                                  ./ra/fsp/src/bsp/mcu/ra8p1/bsp_linker.o
__itcm_from_flash$$Load                           fsp_gen.lld:544
                                                  ./ra/fsp/src/bsp/mcu/ra8p1/bsp_linker.o
__dtcm_from_ospi0_cs1$$Base                       fsp_gen.lld:116
                                                  ./ra/fsp/src/bsp/mcu/ra8p1/bsp_linker.o
__dtcm_from_ospi0_cs1$$Limit                      fsp_gen.lld:121
                                                  ./ra/fsp/src/bsp/mcu/ra8p1/bsp_linker.o
__dtcm_from_ospi0_cs1$$Load                       fsp_gen.lld:116
                                                  ./ra/fsp/src/bsp/mcu/ra8p1/bsp_linker.o
__dtcm_from_ospi1_cs1$$Base                       fsp_gen.lld:227
                                                  ./ra/fsp/src/bsp/mcu/ra8p1/bsp_linker.o
__dtcm_from_ospi1_cs1$$Limit                      fsp_gen.lld:232
                                                  ./ra/fsp/src/bsp/mcu/ra8p1/bsp_linker.o
__dtcm_from_ospi1_cs1$$Load                       fsp_gen.lld:227
                                                  ./ra/fsp/src/bsp/mcu/ra8p1/bsp_linker.o
__dtcm_from_data_flash$$Base                      fsp_gen.lld:327
                                                  ./ra/fsp/src/bsp/mcu/ra8p1/bsp_linker.o
__dtcm_from_data_flash$$Limit                     fsp_gen.lld:332
                                                  ./ra/fsp/src/bsp/mcu/ra8p1/bsp_linker.o
__dtcm_from_data_flash$$Load                      fsp_gen.lld:327
                                                  ./ra/fsp/src/bsp/mcu/ra8p1/bsp_linker.o
__dtcm_from_flash$$Base                           fsp_gen.lld:577
                                                  ./ra/fsp/src/bsp/mcu/ra8p1/bsp_linker.o
__dtcm_from_flash$$Limit                          fsp_gen.lld:582
                                                  ./ra/fsp/src/bsp/mcu/ra8p1/bsp_linker.o
__dtcm_from_flash$$Load                           fsp_gen.lld:577
                                                  ./ra/fsp/src/bsp/mcu/ra8p1/bsp_linker.o
__ram_from_ospi0_cs1$$Base                        fsp_gen.lld:139
                                                  ./ra/fsp/src/bsp/mcu/ra8p1/bsp_linker.o
__ram_from_ospi0_cs1$$Limit                       fsp_gen.lld:144
                                                  ./ra/fsp/src/bsp/mcu/ra8p1/bsp_linker.o
__ram_from_ospi0_cs1$$Load                        fsp_gen.lld:139
                                                  ./ra/fsp/src/bsp/mcu/ra8p1/bsp_linker.o
__ram_from_ospi1_cs1$$Base                        fsp_gen.lld:239
                                                  ./ra/fsp/src/bsp/mcu/ra8p1/bsp_linker.o
__ram_from_ospi1_cs1$$Limit                       fsp_gen.lld:244
                                                  ./ra/fsp/src/bsp/mcu/ra8p1/bsp_linker.o
__ram_from_ospi1_cs1$$Load                        fsp_gen.lld:239
                                                  ./ra/fsp/src/bsp/mcu/ra8p1/bsp_linker.o
__ram_from_data_flash$$Base                       fsp_gen.lld:339
                                                  ./ra/fsp/src/bsp/mcu/ra8p1/bsp_linker.o
__ram_from_data_flash$$Limit                      fsp_gen.lld:344
                                                  ./ra/fsp/src/bsp/mcu/ra8p1/bsp_linker.o
__ram_from_data_flash$$Load                       fsp_gen.lld:339
                                                  ./ra/fsp/src/bsp/mcu/ra8p1/bsp_linker.o
__ram_from_flash$$Base                            fsp_gen.lld:610
                                                  ./ra/fsp/src/bsp/mcu/ra8p1/bsp_linker.o
__ram_from_flash$$Limit                           fsp_gen.lld:617
                                                  ./ra/fsp/src/bsp/mcu/ra8p1/bsp_linker.o
__ram_from_flash$$Load                            fsp_gen.lld:610
                                                  ./ra/fsp/src/bsp/mcu/ra8p1/bsp_linker.o
__ram_tdata$$Base                                 fsp_gen.lld:659
                                                  ./ra/fsp/src/bsp/mcu/ra8p1/bsp_linker.o
__ram_tdata$$Limit                                fsp_gen.lld:663
                                                  ./ra/fsp/src/bsp/mcu/ra8p1/bsp_linker.o
__ram_tdata$$Load                                 fsp_gen.lld:659
                                                  ./ra/fsp/src/bsp/mcu/ra8p1/bsp_linker.o
SystemCoreClockUpdate                             ./ra/fsp/src/bsp/mcu/all/bsp_clocks.o
                                                  ./ra/fsp/src/bsp/cmsis/Device/RENESAS/Source/system.o
SystemCoreClock                                   ./ra/fsp/src/bsp/cmsis/Device/RENESAS/Source/system.o
                                                  ./ra/fsp/src/bsp/mcu/all/bsp_clocks.o
                                                  ./ra/fsp/src/bsp/mcu/all/bsp_delay.o
bsp_clock_init                                    ./ra/fsp/src/bsp/mcu/all/bsp_clocks.o
                                                  ./ra/fsp/src/bsp/cmsis/Device/RENESAS/Source/system.o
R_BSP_SubClockStabilizeWaitAfterReset             ./ra/fsp/src/bsp/mcu/all/bsp_clocks.o
R_BSP_Init_RTC                                    ./ra/fsp/src/bsp/mcu/all/bsp_clocks.o
                                                  ./ra/fsp/src/bsp/cmsis/Device/RENESAS/Source/system.o
bsp_init                                          ./ra/board/ra8p1_ek/board_init.o
                                                  ./ra/fsp/src/bsp/mcu/all/bsp_common.o
                                                  ./ra/fsp/src/bsp/cmsis/Device/RENESAS/Source/system.o
bsp_prv_software_delay_loop                       ./ra/fsp/src/bsp/mcu/all/bsp_delay.o
g_bsp_group_irq_sources                           ./ra/fsp/src/bsp/mcu/all/bsp_group_irq.o
NMI_Handler                                       ./ra/fsp/src/bsp/mcu/all/bsp_group_irq.o
                                                  ./ra/fsp/src/bsp/cmsis/Device/RENESAS/Source/startup.o
bsp_irq_cfg                                       ./ra/fsp/src/bsp/mcu/all/bsp_irq.o
                                                  ./ra/fsp/src/bsp/cmsis/Device/RENESAS/Source/system.o
g_protect_counters                                ./ra/fsp/src/bsp/mcu/all/bsp_register_protection.o
Reset_Handler                                     ./ra/fsp/src/bsp/cmsis/Device/RENESAS/Source/startup.o
SystemInit                                        ./ra/fsp/src/bsp/cmsis/Device/RENESAS/Source/system.o
                                                  ./ra/fsp/src/bsp/cmsis/Device/RENESAS/Source/startup.o
Default_Handler                                   ./ra/fsp/src/bsp/cmsis/Device/RENESAS/Source/startup.o
g_main_stack                                      ./ra/fsp/src/bsp/cmsis/Device/RENESAS/Source/startup.o
                                                  ./ra/fsp/src/bsp/cmsis/Device/RENESAS/Source/system.o
__Vectors                                         ./ra/fsp/src/bsp/cmsis/Device/RENESAS/Source/startup.o
                                                  ./ra/fsp/src/bsp/cmsis/Device/RENESAS/Source/system.o
HardFault_Handler                                 ./ra/fsp/src/bsp/cmsis/Device/RENESAS/Source/startup.o
MemManage_Handler                                 ./ra/fsp/src/bsp/cmsis/Device/RENESAS/Source/startup.o
BusFault_Handler                                  ./ra/fsp/src/bsp/cmsis/Device/RENESAS/Source/startup.o
UsageFault_Handler                                ./ra/fsp/src/bsp/cmsis/Device/RENESAS/Source/startup.o
SecureFault_Handler                               ./ra/fsp/src/bsp/cmsis/Device/RENESAS/Source/startup.o
SVC_Handler                                       ./ra/fsp/src/bsp/cmsis/Device/RENESAS/Source/startup.o
DebugMon_Handler                                  ./ra/fsp/src/bsp/cmsis/Device/RENESAS/Source/startup.o
PendSV_Handler                                    ./ra/fsp/src/bsp/cmsis/Device/RENESAS/Source/startup.o
SysTick_Handler                                   ./ra/fsp/src/bsp/cmsis/Device/RENESAS/Source/startup.o
__tls_base                                        fsp_gen.lld:1024
                                                  ./ra/fsp/src/bsp/cmsis/Device/RENESAS/Source/system.o
_init_tls                                         /Applications/Renesas e2 studio with RA FSP v6.0.0/toolchains/LLVM-ET-Arm-18.1.3-Darwin-universal/bin/../lib/clang-runtimes/arm-none-eabi/armv8.1m.main_hard_fpdp_nomve_exn_rtti/lib/libc.a(libc_picolib_inittls.c.o)
                                                  ./ra/fsp/src/bsp/cmsis/Device/RENESAS/Source/system.o
_set_tls                                          /Applications/Renesas e2 studio with RA FSP v6.0.0/toolchains/LLVM-ET-Arm-18.1.3-Darwin-universal/bin/../lib/clang-runtimes/arm-none-eabi/armv8.1m.main_hard_fpdp_nomve_exn_rtti/lib/libc.a(libc_picolib_machine_arm_tls.c.o)
                                                  ./ra/fsp/src/bsp/cmsis/Device/RENESAS/Source/system.o
__init_array_end                                  fsp_gen.lld:739
                                                  ./ra/fsp/src/bsp/cmsis/Device/RENESAS/Source/system.o
__init_array_start                                fsp_gen.lld:736
                                                  ./ra/fsp/src/bsp/cmsis/Device/RENESAS/Source/system.o
__aeabi_memclr                                    /Applications/Renesas e2 studio with RA FSP v6.0.0/toolchains/LLVM-ET-Arm-18.1.3-Darwin-universal/bin/../lib/clang-runtimes/arm-none-eabi/armv8.1m.main_hard_fpdp_nomve_exn_rtti/lib/libc.a(bzero.c.o)
                                                  /Applications/Renesas e2 studio with RA FSP v6.0.0/toolchains/LLVM-ET-Arm-18.1.3-Darwin-universal/bin/../lib/clang-runtimes/arm-none-eabi/armv8.1m.main_hard_fpdp_nomve_exn_rtti/lib/libc.a(libc_picolib_inittls.c.o)
__tdata_source                                    fsp_gen.lld:1025
                                                  /Applications/Renesas e2 studio with RA FSP v6.0.0/toolchains/LLVM-ET-Arm-18.1.3-Darwin-universal/bin/../lib/clang-runtimes/arm-none-eabi/armv8.1m.main_hard_fpdp_nomve_exn_rtti/lib/libc.a(libc_picolib_inittls.c.o)
__tdata_size                                      fsp_gen.lld:1026
                                                  /Applications/Renesas e2 studio with RA FSP v6.0.0/toolchains/LLVM-ET-Arm-18.1.3-Darwin-universal/bin/../lib/clang-runtimes/arm-none-eabi/armv8.1m.main_hard_fpdp_nomve_exn_rtti/lib/libc.a(libc_picolib_inittls.c.o)
__tbss_offset                                     fsp_gen.lld:1027
                                                  /Applications/Renesas e2 studio with RA FSP v6.0.0/toolchains/LLVM-ET-Arm-18.1.3-Darwin-universal/bin/../lib/clang-runtimes/arm-none-eabi/armv8.1m.main_hard_fpdp_nomve_exn_rtti/lib/libc.a(libc_picolib_inittls.c.o)
__tbss_size                                       fsp_gen.lld:1028
                                                  /Applications/Renesas e2 studio with RA FSP v6.0.0/toolchains/LLVM-ET-Arm-18.1.3-Darwin-universal/bin/../lib/clang-runtimes/arm-none-eabi/armv8.1m.main_hard_fpdp_nomve_exn_rtti/lib/libc.a(libc_picolib_inittls.c.o)
__arm32_tls_tcb_offset                            fsp_gen.lld:1029
                                                  /Applications/Renesas e2 studio with RA FSP v6.0.0/toolchains/LLVM-ET-Arm-18.1.3-Darwin-universal/bin/../lib/clang-runtimes/arm-none-eabi/armv8.1m.main_hard_fpdp_nomve_exn_rtti/lib/libc.a(libc_picolib_machine_arm_tls.c.o)
__tls                                             /Applications/Renesas e2 studio with RA FSP v6.0.0/toolchains/LLVM-ET-Arm-18.1.3-Darwin-universal/bin/../lib/clang-runtimes/arm-none-eabi/armv8.1m.main_hard_fpdp_nomve_exn_rtti/lib/libc.a(libc_picolib_machine_arm_read_tp.S.o)
                                                  /Applications/Renesas e2 studio with RA FSP v6.0.0/toolchains/LLVM-ET-Arm-18.1.3-Darwin-universal/bin/../lib/clang-runtimes/arm-none-eabi/armv8.1m.main_hard_fpdp_nomve_exn_rtti/lib/libc.a(libc_picolib_machine_arm_tls.c.o)
bzero                                             /Applications/Renesas e2 studio with RA FSP v6.0.0/toolchains/LLVM-ET-Arm-18.1.3-Darwin-universal/bin/../lib/clang-runtimes/arm-none-eabi/armv8.1m.main_hard_fpdp_nomve_exn_rtti/lib/libc.a(bzero.c.o)
memset                                            /Applications/Renesas e2 studio with RA FSP v6.0.0/toolchains/LLVM-ET-Arm-18.1.3-Darwin-universal/bin/../lib/clang-runtimes/arm-none-eabi/armv8.1m.main_hard_fpdp_nomve_exn_rtti/lib/libc.a(memset.c.o)
                                                  /Applications/Renesas e2 studio with RA FSP v6.0.0/toolchains/LLVM-ET-Arm-18.1.3-Darwin-universal/bin/../lib/clang-runtimes/arm-none-eabi/armv8.1m.main_hard_fpdp_nomve_exn_rtti/lib/libc.a(bzero.c.o)
__aeabi_memclr8                                   /Applications/Renesas e2 studio with RA FSP v6.0.0/toolchains/LLVM-ET-Arm-18.1.3-Darwin-universal/bin/../lib/clang-runtimes/arm-none-eabi/armv8.1m.main_hard_fpdp_nomve_exn_rtti/lib/libc.a(bzero.c.o)
memcpy                                            /Applications/Renesas e2 studio with RA FSP v6.0.0/toolchains/LLVM-ET-Arm-18.1.3-Darwin-universal/bin/../lib/clang-runtimes/arm-none-eabi/armv8.1m.main_hard_fpdp_nomve_exn_rtti/lib/libc.a(memcpy.c.o)
__aeabi_memcpy8                                   /Applications/Renesas e2 studio with RA FSP v6.0.0/toolchains/LLVM-ET-Arm-18.1.3-Darwin-universal/bin/../lib/clang-runtimes/arm-none-eabi/armv8.1m.main_hard_fpdp_nomve_exn_rtti/lib/libc.a(memcpy.c.o)
