TF36DA0C0 000:003.427   SEGGER J-Link V8.44a Log File
TF36DA0C0 000:003.756   DLL Compiled: Jun 18 2025 16:32:45
TF36DA0C0 000:003.760   Logging started @ 2025-09-15 04:27
TF36DA0C0 000:003.763   Process: /Users/kim_kyoungkun/.eclipse/com.renesas.platform_589702750/DebugComp/RA/e2-server-gdb
TF36DA0C0 000:003.778 - 3.766ms 
TF36DA0C0 000:003.805 JLINK_GetDLLVersion()
TF36DA0C0 000:003.809 - 0.014ms returns 84401
TF36DA0C0 000:016.971 JLINK_OpenEx(...)
TF36DA0C0 000:024.481   Firmware: J-Link OB-RA4M2 compiled Apr  1 2025 10:13:55
TF36DA0C0 000:025.058   Firmware: J-Link OB-RA4M2 compiled Apr  1 2025 10:13:55
TF36DA0C0 000:036.599   Hardware: V1.00
TF36DA0C0 000:036.609   S/N: 1088685994
TF36DA0C0 000:036.614   OEM: SEGGER
TF36DA0C0 000:036.619   Feature(s): None
TF36DA0C0 000:037.210   Bootloader: 2021 May 14
TF36DA0C0 000:037.578   USB speed mode: Full speed (12 MBit/s)
TF36DA0C0 000:038.240   TELNET listener socket opened on port 19021
TF36DA0C0 000:038.285   WEBSRV WEBSRV_Init(): Starting webserver thread(s)
TF36DA0C0 000:038.309   WEBSRV Webserver running on local port 19080
TF36DA0C0 000:038.322   Looking for J-Link GUI Server exe at: /Users/kim_kyoungkun/.eclipse/com.renesas.platform_589702750/DebugComp/RA/ARM/Segger_v8.44.1/JLinkGUIServerExe
TF36DA0C0 000:038.348   Looking for J-Link GUI Server exe at: /Applications/SEGGER/JLink/JLinkGUIServerExe
TF36DA0C0 000:038.379   Forking J-Link GUI Server: /Applications/SEGGER/JLink/JLinkGUIServerExe
TF36DA0C0 001:210.838   J-Link GUI Server info: "J-Link GUI server V8.54 "
TF36DA0C0 001:248.184 - 1231.213ms returns "O.K."
TF36DA0C0 001:248.276 JLINK_TIF_Select(JLINKARM_TIF_SWD)
TF36DA0C0 001:248.929 - 0.653ms returns 0x00
TF36DA0C0 001:248.941 JLINK_ClrRESET()
TF36DA0C0 001:249.121 - 0.180ms 
TF36DA0C0 001:301.530 JLINK_SetSpeed(1500)
TF36DA0C0 001:301.755 - 0.225ms 
TF36DA0C0 001:301.763 JLINK_CORESIGHT_Configure(PerformTIFInit=0)
TF36DA0C0 001:302.397 - 0.635ms returns 0
TF36DA0C0 001:302.404 JLINK_CORESIGHT_ReadAPDPReg(DP reg 0x00)
TF36DA0C0 001:302.827   Value=0x6BA02477
TF36DA0C0 001:302.839 - 0.435ms returns 0
TF36DA0C0 001:302.844 JLINK_CORESIGHT_WriteAPDPReg(DP reg 0x00, 0x0000001F)
TF36DA0C0 001:303.097 - 0.253ms returns 0
TF36DA0C0 001:303.103 JLINK_CORESIGHT_ReadAPDPReg(DP reg 0x00)
TF36DA0C0 001:303.314   Value=0x6BA02477
TF36DA0C0 001:303.321 - 0.218ms returns 0
TF36DA0C0 001:303.326 JLINK_CORESIGHT_WriteAPDPReg(DP reg 0x02, 0x00000000)
TF36DA0C0 001:303.559 - 0.234ms returns 0
TF36DA0C0 001:303.564 JLINK_CORESIGHT_WriteAPDPReg(DP reg 0x01, 0x50000000)
TF36DA0C0 001:303.773 - 0.209ms returns 0
TF36DA0C0 001:303.778 JLINK_CORESIGHT_ReadAPDPReg(DP reg 0x01)
TF36DA0C0 001:303.982   Value=0xF0000000
TF36DA0C0 001:303.988 - 0.210ms returns 0
TF36DA0C0 001:303.992 JLINK_CORESIGHT_WriteAPDPReg(DP reg 0x00, 0x0000001F)
TF36DA0C0 001:304.190 - 0.198ms returns 0
TF36DA0C0 001:304.205 JLINK_CORESIGHT_ReadAPDPReg(DP reg 0x00)
TF36DA0C0 001:304.407   Value=0x6BA02477
TF36DA0C0 001:304.413 - 0.209ms returns 0
TF36DA0C0 001:304.417 JLINK_CORESIGHT_WriteAPDPReg(DP reg 0x01, 0x54000000)
TF36DA0C0 001:304.623 - 0.206ms returns 0
TF36DA0C0 001:304.628 JLINK_CORESIGHT_WriteAPDPReg(DP reg 0x01, 0x50000F00)
TF36DA0C0 001:304.837 - 0.209ms returns 0
TF36DA0C0 001:304.841 JLINK_CORESIGHT_WriteAPDPReg(DP reg 0x02, 0x01000000)
TF36DA0C0 001:305.054 - 0.213ms returns 0
TF36DA0C0 001:305.059 JLINK_CORESIGHT_WriteAPDPReg(AP reg 0x00, 0x80000002)
TF36DA0C0 001:305.254 - 0.196ms returns 0
TF36DA0C0 001:305.258 JLINK_CORESIGHT_WriteAPDPReg(AP reg 0x01, 0x80011100)
TF36DA0C0 001:305.463 - 0.205ms returns 0
TF36DA0C0 001:305.468 JLINK_CORESIGHT_WriteAPDPReg(AP reg 0x03, 0x000000A5)
TF36DA0C0 001:305.668 - 0.200ms returns 0
TF36DA0C0 001:305.672 JLINK_CORESIGHT_WriteAPDPReg(AP reg 0x00, 0x80000002)
TF36DA0C0 001:305.931 - 0.259ms returns 0
TF36DA0C0 001:305.935 JLINK_CORESIGHT_WriteAPDPReg(AP reg 0x01, 0x80011100)
TF36DA0C0 001:306.141 - 0.206ms returns 0
TF36DA0C0 001:306.145 JLINK_CORESIGHT_ReadAPDPReg(AP reg 0x03)
TF36DA0C0 001:306.397   Value=0x000000A5
TF36DA0C0 001:306.416 - 0.271ms returns 0
TF36DA0C0 001:306.420 JLINK_ClrTMS()
TF36DA0C0 001:306.513 - 0.093ms 
TF36DA0C0 001:312.677 JLINK_SetTCK()
TF36DA0C0 001:313.623 - 0.946ms returns 0
TF36DA0C0 001:319.792 JLINK_SetRESET()
TF36DA0C0 001:319.909 - 0.117ms 
TF36DA0C0 001:521.662 JLINK_CORESIGHT_WriteAPDPReg(AP reg 0x00, 0x80000002)
TF36DA0C0 001:522.154 - 0.494ms returns 0
TF36DA0C0 001:522.182 JLINK_CORESIGHT_WriteAPDPReg(AP reg 0x01, 0x80011100)
TF36DA0C0 001:522.459 - 0.276ms returns 0
TF36DA0C0 001:522.478 JLINK_CORESIGHT_ReadAPDPReg(AP reg 0x03)
TF36DA0C0 001:522.792   Value=0x00000000
TF36DA0C0 001:522.812 - 0.334ms returns 0
TF36DA0C0 001:522.829 JLINK_CORESIGHT_WriteAPDPReg(AP reg 0x00, 0x80000002)
TF36DA0C0 001:523.081 - 0.251ms returns 0
TF36DA0C0 001:523.096 JLINK_CORESIGHT_WriteAPDPReg(AP reg 0x01, 0x80011140)
TF36DA0C0 001:523.408 - 0.312ms returns 0
TF36DA0C0 001:523.427 JLINK_CORESIGHT_ReadAPDPReg(AP reg 0x03)
TF36DA0C0 001:523.728   Value=0x00000002
TF36DA0C0 001:523.747 - 0.320ms returns 0
TF36DA0C0 001:523.763 JLINK_CORESIGHT_WriteAPDPReg(AP reg 0x00, 0x80000002)
TF36DA0C0 001:524.025 - 0.262ms returns 0
TF36DA0C0 001:524.054 JLINK_CORESIGHT_WriteAPDPReg(AP reg 0x01, 0x80011120)
TF36DA0C0 001:524.395 - 0.341ms returns 0
TF36DA0C0 001:524.417 JLINK_CORESIGHT_WriteAPDPReg(AP reg 0x03, 0x00000055)
TF36DA0C0 001:524.680 - 0.262ms returns 0
TF36DA0C0 001:524.697 JLINK_CORESIGHT_WriteAPDPReg(AP reg 0x00, 0x80000002)
TF36DA0C0 001:526.206 - 1.509ms returns 0
TF36DA0C0 001:526.317 JLINK_CORESIGHT_WriteAPDPReg(AP reg 0x01, 0x80011140)
TF36DA0C0 001:526.607 - 0.290ms returns 0
TF36DA0C0 001:526.639 JLINK_CORESIGHT_ReadAPDPReg(AP reg 0x03)
TF36DA0C0 001:526.938   Value=0x00000002
TF36DA0C0 001:526.959 - 0.320ms returns 0
TF36DA0C0 001:526.971 JLINK_CORESIGHT_ReadAPDPReg(AP reg 0x03)
TF36DA0C0 001:527.249   Value=0x00000002
TF36DA0C0 001:527.273 - 0.302ms returns 0
TF36DA0C0 001:527.285 JLINK_CORESIGHT_ReadAPDPReg(AP reg 0x03)
TF36DA0C0 001:527.588   Value=0x00000002
TF36DA0C0 001:527.610 - 0.325ms returns 0
TF36DA0C0 001:527.622 JLINK_CORESIGHT_ReadAPDPReg(AP reg 0x03)
TF36DA0C0 001:527.924   Value=0x00000002
TF36DA0C0 001:527.944 - 0.321ms returns 0
TF36DA0C0 001:527.955 JLINK_CORESIGHT_ReadAPDPReg(AP reg 0x03)
TF36DA0C0 001:528.329   Value=0x00000002
TF36DA0C0 001:528.351 - 0.396ms returns 0
TF36DA0C0 001:528.362 JLINK_CORESIGHT_ReadAPDPReg(AP reg 0x03)
TF36DA0C0 001:528.666   Value=0x00000002
TF36DA0C0 001:528.688 - 0.325ms returns 0
TF36DA0C0 001:528.699 JLINK_CORESIGHT_ReadAPDPReg(AP reg 0x03)
TF36DA0C0 001:528.999   Value=0x00000002
TF36DA0C0 001:529.019 - 0.320ms returns 0
TF36DA0C0 001:529.030 JLINK_CORESIGHT_ReadAPDPReg(AP reg 0x03)
TF36DA0C0 001:529.340   Value=0x00000002
TF36DA0C0 001:529.365 - 0.335ms returns 0
TF36DA0C0 001:529.377 JLINK_CORESIGHT_ReadAPDPReg(AP reg 0x03)
TF36DA0C0 001:529.708   Value=0x00000002
TF36DA0C0 001:529.731 - 0.353ms returns 0
TF36DA0C0 001:529.742 JLINK_CORESIGHT_ReadAPDPReg(AP reg 0x03)
TF36DA0C0 001:530.055   Value=0x00000002
TF36DA0C0 001:530.074 - 0.332ms returns 0
TF36DA0C0 001:530.085 JLINK_CORESIGHT_ReadAPDPReg(AP reg 0x03)
TF36DA0C0 001:530.380   Value=0x00000002
TF36DA0C0 001:530.402 - 0.317ms returns 0
TF36DA0C0 001:530.413 JLINK_CORESIGHT_ReadAPDPReg(AP reg 0x03)
TF36DA0C0 001:530.693   Value=0x00000002
TF36DA0C0 001:530.708 - 0.295ms returns 0
TF36DA0C0 001:530.717 JLINK_CORESIGHT_ReadAPDPReg(AP reg 0x03)
TF36DA0C0 001:531.014   Value=0x00000002
TF36DA0C0 001:531.029 - 0.312ms returns 0
TF36DA0C0 001:531.038 JLINK_CORESIGHT_ReadAPDPReg(AP reg 0x03)
TF36DA0C0 001:531.331   Value=0x00000002
TF36DA0C0 001:531.346 - 0.308ms returns 0
TF36DA0C0 001:531.355 JLINK_CORESIGHT_ReadAPDPReg(AP reg 0x03)
TF36DA0C0 001:531.661   Value=0x00000002
TF36DA0C0 001:531.676 - 0.321ms returns 0
TF36DA0C0 001:531.685 JLINK_CORESIGHT_ReadAPDPReg(AP reg 0x03)
TF36DA0C0 001:531.982   Value=0x00000002
TF36DA0C0 001:531.997 - 0.312ms returns 0
TF36DA0C0 001:532.006 JLINK_CORESIGHT_ReadAPDPReg(AP reg 0x03)
TF36DA0C0 001:532.329   Value=0x00000002
TF36DA0C0 001:532.344 - 0.338ms returns 0
TF36DA0C0 001:532.353 JLINK_CORESIGHT_ReadAPDPReg(AP reg 0x03)
TF36DA0C0 001:532.650   Value=0x00000002
TF36DA0C0 001:532.665 - 0.311ms returns 0
TF36DA0C0 001:532.674 JLINK_CORESIGHT_ReadAPDPReg(AP reg 0x03)
TF36DA0C0 001:532.986   Value=0x00000002
TF36DA0C0 001:533.001 - 0.328ms returns 0
TF36DA0C0 001:533.010 JLINK_CORESIGHT_ReadAPDPReg(AP reg 0x03)
TF36DA0C0 001:533.290   Value=0x00000002
TF36DA0C0 001:533.308 - 0.298ms returns 0
TF36DA0C0 001:533.317 JLINK_CORESIGHT_ReadAPDPReg(AP reg 0x03)
TF36DA0C0 001:533.622   Value=0x00000002
TF36DA0C0 001:533.637 - 0.320ms returns 0
TF36DA0C0 001:533.646 JLINK_CORESIGHT_ReadAPDPReg(AP reg 0x03)
TF36DA0C0 001:533.938   Value=0x00000002
TF36DA0C0 001:533.954 - 0.308ms returns 0
TF36DA0C0 001:533.963 JLINK_CORESIGHT_ReadAPDPReg(AP reg 0x03)
TF36DA0C0 001:534.256   Value=0x00000002
TF36DA0C0 001:534.272 - 0.308ms returns 0
TF36DA0C0 001:534.281 JLINK_CORESIGHT_ReadAPDPReg(AP reg 0x03)
TF36DA0C0 001:534.573   Value=0x00000002
TF36DA0C0 001:534.588 - 0.308ms returns 0
TF36DA0C0 001:534.598 JLINK_CORESIGHT_ReadAPDPReg(AP reg 0x03)
TF36DA0C0 001:534.943   Value=0x00000002
TF36DA0C0 001:534.965 - 0.367ms returns 0
TF36DA0C0 001:534.974 JLINK_CORESIGHT_ReadAPDPReg(AP reg 0x03)
TF36DA0C0 001:535.293   Value=0x00000002
TF36DA0C0 001:535.308 - 0.334ms returns 0
TF36DA0C0 001:535.318 JLINK_CORESIGHT_ReadAPDPReg(AP reg 0x03)
TF36DA0C0 001:535.623   Value=0x00000002
TF36DA0C0 001:535.638 - 0.321ms returns 0
TF36DA0C0 001:535.647 JLINK_CORESIGHT_ReadAPDPReg(AP reg 0x03)
TF36DA0C0 001:535.948   Value=0x00000000
TF36DA0C0 001:535.963 - 0.316ms returns 0
TF36DA0C0 001:535.975 JLINK_CORESIGHT_WriteAPDPReg(AP reg 0x00, 0x80000002)
TF36DA0C0 001:536.236 - 0.263ms returns 0
TF36DA0C0 001:536.248 JLINK_CORESIGHT_WriteAPDPReg(AP reg 0x01, 0x80011130)
TF36DA0C0 001:536.517 - 0.269ms returns 0
TF36DA0C0 001:536.529 JLINK_CORESIGHT_ReadAPDPReg(AP reg 0x03)
TF36DA0C0 001:536.845   Value=0x000000C6
TF36DA0C0 001:536.860 - 0.330ms returns 0
TF36DA0C0 001:536.896 JLINK_CORESIGHT_WriteAPDPReg(AP reg 0x00, 0x80000002)
TF36DA0C0 001:537.215 - 0.320ms returns 0
TF36DA0C0 001:537.227 JLINK_CORESIGHT_WriteAPDPReg(AP reg 0x01, 0x80011140)
TF36DA0C0 001:537.486 - 0.258ms returns 0
TF36DA0C0 001:537.498 JLINK_CORESIGHT_ReadAPDPReg(AP reg 0x03)
TF36DA0C0 001:537.798   Value=0x00000002
TF36DA0C0 001:537.813 - 0.315ms returns 0
TF36DA0C0 001:537.823 JLINK_CORESIGHT_WriteAPDPReg(AP reg 0x00, 0x80000002)
TF36DA0C0 001:538.083 - 0.261ms returns 0
TF36DA0C0 001:538.095 JLINK_CORESIGHT_WriteAPDPReg(AP reg 0x01, 0x80011120)
TF36DA0C0 001:538.331 - 0.237ms returns 0
TF36DA0C0 001:538.343 JLINK_CORESIGHT_WriteAPDPReg(AP reg 0x03, 0x3A010001)
TF36DA0C0 001:538.597 - 0.254ms returns 0
TF36DA0C0 001:538.616 JLINK_CORESIGHT_WriteAPDPReg(AP reg 0x00, 0x80000002)
TF36DA0C0 001:538.862 - 0.246ms returns 0
TF36DA0C0 001:538.875 JLINK_CORESIGHT_WriteAPDPReg(AP reg 0x01, 0x80011140)
TF36DA0C0 001:539.160 - 0.285ms returns 0
TF36DA0C0 001:539.178 JLINK_CORESIGHT_ReadAPDPReg(AP reg 0x03)
TF36DA0C0 001:539.483   Value=0x00000002
TF36DA0C0 001:539.495 - 0.318ms returns 0
TF36DA0C0 001:539.507 JLINK_CORESIGHT_WriteAPDPReg(AP reg 0x00, 0x80000002)
TF36DA0C0 001:539.746 - 0.240ms returns 0
TF36DA0C0 001:539.758 JLINK_CORESIGHT_WriteAPDPReg(AP reg 0x01, 0x80011120)
TF36DA0C0 001:539.991 - 0.232ms returns 0
TF36DA0C0 001:540.003 JLINK_CORESIGHT_WriteAPDPReg(AP reg 0x03, 0x000003C5)
TF36DA0C0 001:540.235 - 0.231ms returns 0
TF36DA0C0 001:540.248 JLINK_CORESIGHT_WriteAPDPReg(AP reg 0x00, 0x80000002)
TF36DA0C0 001:540.523 - 0.276ms returns 0
TF36DA0C0 001:540.536 JLINK_CORESIGHT_WriteAPDPReg(AP reg 0x01, 0x80011140)
TF36DA0C0 001:540.778 - 0.241ms returns 0
TF36DA0C0 001:540.792 JLINK_CORESIGHT_ReadAPDPReg(AP reg 0x03)
TF36DA0C0 001:541.114   Value=0x00000002
TF36DA0C0 001:541.129 - 0.337ms returns 0
TF36DA0C0 001:541.140 JLINK_CORESIGHT_ReadAPDPReg(AP reg 0x03)
TF36DA0C0 001:541.411   Value=0x00000002
TF36DA0C0 001:541.434 - 0.294ms returns 0
TF36DA0C0 001:541.444 JLINK_CORESIGHT_ReadAPDPReg(AP reg 0x03)
TF36DA0C0 001:541.720   Value=0x00000002
TF36DA0C0 001:541.733 - 0.289ms returns 0
TF36DA0C0 001:541.743 JLINK_CORESIGHT_ReadAPDPReg(AP reg 0x03)
TF36DA0C0 001:542.013   Value=0x00000002
TF36DA0C0 001:542.026 - 0.283ms returns 0
TF36DA0C0 001:542.037 JLINK_CORESIGHT_ReadAPDPReg(AP reg 0x03)
TF36DA0C0 001:542.316   Value=0x00000002
TF36DA0C0 001:542.328 - 0.291ms returns 0
TF36DA0C0 001:542.339 JLINK_CORESIGHT_ReadAPDPReg(AP reg 0x03)
TF36DA0C0 001:542.618   Value=0x00000002
TF36DA0C0 001:542.631 - 0.291ms returns 0
TF36DA0C0 001:542.641 JLINK_CORESIGHT_ReadAPDPReg(AP reg 0x03)
TF36DA0C0 001:542.914   Value=0x00000002
TF36DA0C0 001:542.927 - 0.285ms returns 0
TF36DA0C0 001:542.937 JLINK_CORESIGHT_ReadAPDPReg(AP reg 0x03)
TF36DA0C0 001:543.223   Value=0x00000000
TF36DA0C0 001:543.235 - 0.299ms returns 0
TF36DA0C0 001:543.245 JLINK_CORESIGHT_WriteAPDPReg(AP reg 0x00, 0x80000002)
TF36DA0C0 001:543.471 - 0.225ms returns 0
TF36DA0C0 001:543.483 JLINK_CORESIGHT_WriteAPDPReg(AP reg 0x01, 0x80011130)
TF36DA0C0 001:543.739 - 0.255ms returns 0
TF36DA0C0 001:543.751 JLINK_CORESIGHT_ReadAPDPReg(AP reg 0x03)
TF36DA0C0 001:544.070   Value=0x3A2A0081
TF36DA0C0 001:544.083 - 0.332ms returns 0
TF36DA0C0 001:544.093 JLINK_CORESIGHT_WriteAPDPReg(AP reg 0x00, 0x80000002)
TF36DA0C0 001:544.341 - 0.248ms returns 0
TF36DA0C0 001:544.356 JLINK_CORESIGHT_WriteAPDPReg(AP reg 0x01, 0x80011140)
TF36DA0C0 001:545.005 - 0.648ms returns 0
TF36DA0C0 001:545.018 JLINK_CORESIGHT_ReadAPDPReg(AP reg 0x03)
TF36DA0C0 001:545.310   Value=0x00000000
TF36DA0C0 001:545.323 - 0.305ms returns 0
TF36DA0C0 001:545.333 JLINK_CORESIGHT_WriteAPDPReg(AP reg 0x00, 0x80000002)
TF36DA0C0 001:545.561 - 0.228ms returns 0
TF36DA0C0 001:545.573 JLINK_CORESIGHT_WriteAPDPReg(AP reg 0x01, 0x80011130)
TF36DA0C0 001:545.824 - 0.250ms returns 0
TF36DA0C0 001:545.840 JLINK_CORESIGHT_ReadAPDPReg(AP reg 0x03)
TF36DA0C0 001:546.123   Value=0x808D5B00
TF36DA0C0 001:546.135 - 0.295ms returns 0
TF36DA0C0 001:546.147 JLINK_CORESIGHT_WriteAPDPReg(AP reg 0x00, 0x80000002)
TF36DA0C0 001:546.383 - 0.237ms returns 0
TF36DA0C0 001:546.395 JLINK_CORESIGHT_WriteAPDPReg(AP reg 0x01, 0x80011140)
TF36DA0C0 001:546.667 - 0.271ms returns 0
TF36DA0C0 001:546.678 JLINK_CORESIGHT_ReadAPDPReg(AP reg 0x03)
TF36DA0C0 001:547.018   Value=0x00000000
TF36DA0C0 001:547.029 - 0.351ms returns 0
TF36DA0C0 001:547.040 JLINK_CORESIGHT_WriteAPDPReg(AP reg 0x00, 0x80000002)
TF36DA0C0 001:547.283 - 0.243ms returns 0
TF36DA0C0 001:547.295 JLINK_CORESIGHT_WriteAPDPReg(AP reg 0x01, 0x80011130)
TF36DA0C0 001:547.529 - 0.234ms returns 0
TF36DA0C0 001:547.541 JLINK_CORESIGHT_ReadAPDPReg(AP reg 0x03)
TF36DA0C0 001:547.835   Value=0x0406070A
TF36DA0C0 001:547.846 - 0.305ms returns 0
TF36DA0C0 001:547.859 JLINK_CORESIGHT_WriteAPDPReg(AP reg 0x00, 0x80000002)
TF36DA0C0 001:548.110 - 0.251ms returns 0
TF36DA0C0 001:548.122 JLINK_CORESIGHT_WriteAPDPReg(AP reg 0x01, 0x80011140)
TF36DA0C0 001:548.363 - 0.241ms returns 0
TF36DA0C0 001:548.379 JLINK_CORESIGHT_ReadAPDPReg(AP reg 0x03)
TF36DA0C0 001:548.731   Value=0x00000000
TF36DA0C0 001:548.743 - 0.364ms returns 0
TF36DA0C0 001:548.755 JLINK_CORESIGHT_WriteAPDPReg(AP reg 0x00, 0x80000002)
TF36DA0C0 001:548.991 - 0.236ms returns 0
TF36DA0C0 001:549.008 JLINK_CORESIGHT_WriteAPDPReg(AP reg 0x01, 0x80011130)
TF36DA0C0 001:549.253 - 0.245ms returns 0
TF36DA0C0 001:549.266 JLINK_CORESIGHT_ReadAPDPReg(AP reg 0x03)
TF36DA0C0 001:549.567   Value=0x3154540B
TF36DA0C0 001:549.578 - 0.312ms returns 0
TF36DA0C0 001:549.589 JLINK_CORESIGHT_WriteAPDPReg(AP reg 0x00, 0x80000002)
TF36DA0C0 001:549.829 - 0.241ms returns 0
TF36DA0C0 001:549.843 JLINK_CORESIGHT_WriteAPDPReg(AP reg 0x01, 0x80011140)
TF36DA0C0 001:550.077 - 0.233ms returns 0
TF36DA0C0 001:550.090 JLINK_CORESIGHT_ReadAPDPReg(AP reg 0x03)
TF36DA0C0 001:550.401   Value=0x00000000
TF36DA0C0 001:550.413 - 0.323ms returns 0
TF36DA0C0 001:550.860 JLINK_CORESIGHT_WriteAPDPReg(AP reg 0x00, 0x80000002)
TF36DA0C0 001:551.109 - 0.249ms returns 0
TF36DA0C0 001:551.117 JLINK_CORESIGHT_WriteAPDPReg(AP reg 0x01, 0x80011130)
TF36DA0C0 001:551.351 - 0.234ms returns 0
TF36DA0C0 001:551.358 JLINK_CORESIGHT_ReadAPDPReg(AP reg 0x03)
TF36DA0C0 001:551.641   Value=0x54274B77
TF36DA0C0 001:551.651 - 0.293ms returns 0
TF36DA0C0 001:551.656 JLINK_CORESIGHT_WriteAPDPReg(AP reg 0x00, 0x80000002)
TF36DA0C0 001:551.946 - 0.290ms returns 0
TF36DA0C0 001:551.953 JLINK_CORESIGHT_WriteAPDPReg(AP reg 0x01, 0x80011140)
TF36DA0C0 001:552.175 - 0.222ms returns 0
TF36DA0C0 001:552.183 JLINK_CORESIGHT_ReadAPDPReg(AP reg 0x03)
TF36DA0C0 001:552.477   Value=0x00000000
TF36DA0C0 001:552.487 - 0.303ms returns 0
TF36DA0C0 001:552.495 JLINK_CORESIGHT_WriteAPDPReg(AP reg 0x00, 0x80000002)
TF36DA0C0 001:552.745 - 0.249ms returns 0
TF36DA0C0 001:552.752 JLINK_CORESIGHT_WriteAPDPReg(AP reg 0x01, 0x80011130)
TF36DA0C0 001:553.034 - 0.282ms returns 0
TF36DA0C0 001:553.042 JLINK_CORESIGHT_ReadAPDPReg(AP reg 0x03)
TF36DA0C0 001:553.339   Value=0x37395636
TF36DA0C0 001:553.365 - 0.323ms returns 0
TF36DA0C0 001:553.370 JLINK_CORESIGHT_WriteAPDPReg(AP reg 0x00, 0x80000002)
TF36DA0C0 001:553.601 - 0.231ms returns 0
TF36DA0C0 001:553.610 JLINK_CORESIGHT_WriteAPDPReg(AP reg 0x01, 0x80011140)
TF36DA0C0 001:553.908 - 0.299ms returns 0
TF36DA0C0 001:553.916 JLINK_CORESIGHT_ReadAPDPReg(AP reg 0x03)
TF36DA0C0 001:554.190   Value=0x00000000
TF36DA0C0 001:554.200 - 0.284ms returns 0
TF36DA0C0 001:554.206 JLINK_CORESIGHT_WriteAPDPReg(AP reg 0x00, 0x80000002)
TF36DA0C0 001:554.453 - 0.247ms returns 0
TF36DA0C0 001:554.461 JLINK_CORESIGHT_WriteAPDPReg(AP reg 0x01, 0x80011130)
TF36DA0C0 001:554.695 - 0.234ms returns 0
TF36DA0C0 001:554.703 JLINK_CORESIGHT_ReadAPDPReg(AP reg 0x03)
TF36DA0C0 001:554.981   Value=0x72012D34
TF36DA0C0 001:554.990 - 0.287ms returns 0
TF36DA0C0 001:554.996 JLINK_CORESIGHT_WriteAPDPReg(AP reg 0x00, 0x80000002)
TF36DA0C0 001:555.208 - 0.213ms returns 0
TF36DA0C0 001:555.216 JLINK_CORESIGHT_WriteAPDPReg(AP reg 0x01, 0x80011140)
TF36DA0C0 001:555.447 - 0.230ms returns 0
TF36DA0C0 001:555.455 JLINK_CORESIGHT_ReadAPDPReg(AP reg 0x03)
TF36DA0C0 001:555.744   Value=0x00000000
TF36DA0C0 001:555.753 - 0.299ms returns 0
TF36DA0C0 001:555.759 JLINK_CORESIGHT_WriteAPDPReg(AP reg 0x00, 0x80000002)
TF36DA0C0 001:556.006 - 0.247ms returns 0
TF36DA0C0 001:556.015 JLINK_CORESIGHT_WriteAPDPReg(AP reg 0x01, 0x80011130)
TF36DA0C0 001:556.243 - 0.228ms returns 0
TF36DA0C0 001:556.252 JLINK_CORESIGHT_ReadAPDPReg(AP reg 0x03)
TF36DA0C0 001:556.534   Value=0x4B375279
TF36DA0C0 001:556.546 - 0.294ms returns 0
TF36DA0C0 001:556.552 JLINK_CORESIGHT_WriteAPDPReg(AP reg 0x00, 0x80000002)
TF36DA0C0 001:556.862 - 0.310ms returns 0
TF36DA0C0 001:556.870 JLINK_CORESIGHT_WriteAPDPReg(AP reg 0x01, 0x80011140)
TF36DA0C0 001:557.114 - 0.244ms returns 0
TF36DA0C0 001:557.122 JLINK_CORESIGHT_ReadAPDPReg(AP reg 0x03)
TF36DA0C0 001:557.427   Value=0x00000000
TF36DA0C0 001:557.437 - 0.315ms returns 0
TF36DA0C0 001:557.443 JLINK_CORESIGHT_WriteAPDPReg(AP reg 0x00, 0x80000002)
TF36DA0C0 001:557.663 - 0.219ms returns 0
TF36DA0C0 001:557.670 JLINK_CORESIGHT_WriteAPDPReg(AP reg 0x01, 0x80011130)
TF36DA0C0 001:557.951 - 0.280ms returns 0
TF36DA0C0 001:557.959 JLINK_CORESIGHT_ReadAPDPReg(AP reg 0x03)
TF36DA0C0 001:558.239   Value=0x31503841
TF36DA0C0 001:558.249 - 0.290ms returns 0
TF36DA0C0 001:558.256 JLINK_CORESIGHT_WriteAPDPReg(AP reg 0x00, 0x80000002)
TF36DA0C0 001:558.477 - 0.220ms returns 0
TF36DA0C0 001:558.485 JLINK_CORESIGHT_WriteAPDPReg(AP reg 0x01, 0x80011140)
TF36DA0C0 001:558.734 - 0.249ms returns 0
TF36DA0C0 001:558.751 JLINK_CORESIGHT_ReadAPDPReg(AP reg 0x03)
TF36DA0C0 001:559.044   Value=0x00000000
TF36DA0C0 001:559.054 - 0.303ms returns 0
TF36DA0C0 001:559.060 JLINK_CORESIGHT_WriteAPDPReg(AP reg 0x00, 0x80000002)
TF36DA0C0 001:559.307 - 0.246ms returns 0
TF36DA0C0 001:559.314 JLINK_CORESIGHT_WriteAPDPReg(AP reg 0x01, 0x80011130)
TF36DA0C0 001:559.558 - 0.244ms returns 0
TF36DA0C0 001:559.584 JLINK_CORESIGHT_ReadAPDPReg(AP reg 0x03)
TF36DA0C0 001:559.910   Value=0x434C464B
TF36DA0C0 001:559.922 - 0.338ms returns 0
TF36DA0C0 001:559.926 JLINK_CORESIGHT_WriteAPDPReg(AP reg 0x00, 0x80000002)
TF36DA0C0 001:560.143 - 0.217ms returns 0
TF36DA0C0 001:560.151 JLINK_CORESIGHT_WriteAPDPReg(AP reg 0x01, 0x80011140)
TF36DA0C0 001:560.376 - 0.226ms returns 0
TF36DA0C0 001:560.383 JLINK_CORESIGHT_ReadAPDPReg(AP reg 0x03)
TF36DA0C0 001:560.650   Value=0x00000000
TF36DA0C0 001:560.659 - 0.276ms returns 0
TF36DA0C0 001:560.664 JLINK_CORESIGHT_WriteAPDPReg(AP reg 0x00, 0x80000002)
TF36DA0C0 001:560.898 - 0.233ms returns 0
TF36DA0C0 001:560.904 JLINK_CORESIGHT_WriteAPDPReg(AP reg 0x01, 0x80011130)
TF36DA0C0 001:561.104 - 0.200ms returns 0
TF36DA0C0 001:561.111 JLINK_CORESIGHT_ReadAPDPReg(AP reg 0x03)
TF36DA0C0 001:561.377   Value=0x20204341
TF36DA0C0 001:561.385 - 0.274ms returns 0
TF36DA0C0 001:561.390 JLINK_CORESIGHT_WriteAPDPReg(AP reg 0x00, 0x80000002)
TF36DA0C0 001:561.614 - 0.224ms returns 0
TF36DA0C0 001:561.621 JLINK_CORESIGHT_WriteAPDPReg(AP reg 0x01, 0x80011140)
TF36DA0C0 001:561.883 - 0.261ms returns 0
TF36DA0C0 001:561.890 JLINK_CORESIGHT_ReadAPDPReg(AP reg 0x03)
TF36DA0C0 001:562.153   Value=0x00000000
TF36DA0C0 001:562.162 - 0.272ms returns 0
TF36DA0C0 001:562.167 JLINK_CORESIGHT_WriteAPDPReg(AP reg 0x00, 0x80000002)
TF36DA0C0 001:562.375 - 0.208ms returns 0
TF36DA0C0 001:562.382 JLINK_CORESIGHT_WriteAPDPReg(AP reg 0x01, 0x80011130)
TF36DA0C0 001:562.590 - 0.208ms returns 0
TF36DA0C0 001:562.597 JLINK_CORESIGHT_ReadAPDPReg(AP reg 0x03)
TF36DA0C0 001:562.919   Value=0x0003DD20
TF36DA0C0 001:562.930 - 0.333ms returns 0
TF36DA0C0 001:563.081 JLINK_CORESIGHT_WriteAPDPReg(AP reg 0x00, 0x80000002)
TF36DA0C0 001:564.232 - 1.151ms returns 0
TF36DA0C0 001:564.242 JLINK_CORESIGHT_WriteAPDPReg(AP reg 0x01, 0x80011140)
TF36DA0C0 001:564.450 - 0.208ms returns 0
TF36DA0C0 001:564.457 JLINK_CORESIGHT_ReadAPDPReg(AP reg 0x03)
TF36DA0C0 001:564.703   Value=0x00000002
TF36DA0C0 001:564.711 - 0.254ms returns 0
TF36DA0C0 001:564.716 JLINK_CORESIGHT_WriteAPDPReg(AP reg 0x00, 0x80000002)
TF36DA0C0 001:564.910 - 0.194ms returns 0
TF36DA0C0 001:564.917 JLINK_CORESIGHT_WriteAPDPReg(AP reg 0x01, 0x80011120)
TF36DA0C0 001:565.117 - 0.200ms returns 0
TF36DA0C0 001:565.124 JLINK_CORESIGHT_WriteAPDPReg(AP reg 0x03, 0x39020001)
TF36DA0C0 001:565.320 - 0.195ms returns 0
TF36DA0C0 001:565.326 JLINK_CORESIGHT_WriteAPDPReg(AP reg 0x00, 0x80000002)
TF36DA0C0 001:565.511 - 0.185ms returns 0
TF36DA0C0 001:565.518 JLINK_CORESIGHT_WriteAPDPReg(AP reg 0x01, 0x80011140)
TF36DA0C0 001:565.706 - 0.188ms returns 0
TF36DA0C0 001:565.713 JLINK_CORESIGHT_ReadAPDPReg(AP reg 0x03)
TF36DA0C0 001:565.947   Value=0x00000002
TF36DA0C0 001:565.956 - 0.243ms returns 0
TF36DA0C0 001:565.961 JLINK_CORESIGHT_WriteAPDPReg(AP reg 0x00, 0x80000002)
TF36DA0C0 001:566.149 - 0.188ms returns 0
TF36DA0C0 001:566.156 JLINK_CORESIGHT_WriteAPDPReg(AP reg 0x01, 0x80011120)
TF36DA0C0 001:566.341 - 0.185ms returns 0
TF36DA0C0 001:566.348 JLINK_CORESIGHT_WriteAPDPReg(AP reg 0x03, 0x0003B312)
TF36DA0C0 001:566.551 - 0.204ms returns 0
TF36DA0C0 001:566.560 JLINK_CORESIGHT_WriteAPDPReg(AP reg 0x00, 0x80000002)
TF36DA0C0 001:566.786 - 0.226ms returns 0
TF36DA0C0 001:566.796 JLINK_CORESIGHT_WriteAPDPReg(AP reg 0x01, 0x80011140)
TF36DA0C0 001:567.030 - 0.234ms returns 0
TF36DA0C0 001:567.038 JLINK_CORESIGHT_ReadAPDPReg(AP reg 0x03)
TF36DA0C0 001:567.284   Value=0x00000000
TF36DA0C0 001:567.293 - 0.255ms returns 0
TF36DA0C0 001:567.301 JLINK_CORESIGHT_WriteAPDPReg(AP reg 0x00, 0x80000002)
TF36DA0C0 001:567.530 - 0.229ms returns 0
TF36DA0C0 001:567.537 JLINK_CORESIGHT_WriteAPDPReg(AP reg 0x01, 0x80011130)
TF36DA0C0 001:567.766 - 0.228ms returns 0
TF36DA0C0 001:567.773 JLINK_CORESIGHT_ReadAPDPReg(AP reg 0x03)
TF36DA0C0 001:568.044   Value=0xB90A0081
TF36DA0C0 001:568.056 - 0.283ms returns 0
TF36DA0C0 001:568.061 JLINK_CORESIGHT_WriteAPDPReg(AP reg 0x00, 0x80000002)
TF36DA0C0 001:568.282 - 0.221ms returns 0
TF36DA0C0 001:568.306 JLINK_CORESIGHT_WriteAPDPReg(AP reg 0x01, 0x80011140)
TF36DA0C0 001:568.530 - 0.223ms returns 0
TF36DA0C0 001:568.537 JLINK_CORESIGHT_ReadAPDPReg(AP reg 0x03)
TF36DA0C0 001:568.819   Value=0x00000000
TF36DA0C0 001:568.828 - 0.292ms returns 0
TF36DA0C0 001:568.833 JLINK_CORESIGHT_WriteAPDPReg(AP reg 0x00, 0x80000002)
TF36DA0C0 001:569.047 - 0.213ms returns 0
TF36DA0C0 001:569.053 JLINK_CORESIGHT_WriteAPDPReg(AP reg 0x01, 0x80011130)
TF36DA0C0 001:569.278 - 0.225ms returns 0
TF36DA0C0 001:569.285 JLINK_CORESIGHT_ReadAPDPReg(AP reg 0x03)
TF36DA0C0 001:569.554   Value=0xFFFFFFC0
TF36DA0C0 001:569.563 - 0.279ms returns 0
TF36DA0C0 001:569.568 JLINK_CORESIGHT_WriteAPDPReg(AP reg 0x00, 0x80000002)
TF36DA0C0 001:569.789 - 0.221ms returns 0
TF36DA0C0 001:569.796 JLINK_CORESIGHT_WriteAPDPReg(AP reg 0x01, 0x80011140)
TF36DA0C0 001:570.021 - 0.225ms returns 0
TF36DA0C0 001:570.028 JLINK_CORESIGHT_ReadAPDPReg(AP reg 0x03)
TF36DA0C0 001:570.309   Value=0x00000000
TF36DA0C0 001:570.318 - 0.289ms returns 0
TF36DA0C0 001:570.323 JLINK_CORESIGHT_WriteAPDPReg(AP reg 0x00, 0x80000002)
TF36DA0C0 001:570.544 - 0.221ms returns 0
TF36DA0C0 001:570.551 JLINK_CORESIGHT_WriteAPDPReg(AP reg 0x01, 0x80011130)
TF36DA0C0 001:570.775 - 0.224ms returns 0
TF36DA0C0 001:570.782 JLINK_CORESIGHT_ReadAPDPReg(AP reg 0x03)
TF36DA0C0 001:571.049   Value=0xFFFFFFFF
TF36DA0C0 001:571.058 - 0.276ms returns 0
TF36DA0C0 001:571.063 JLINK_CORESIGHT_WriteAPDPReg(AP reg 0x00, 0x80000002)
TF36DA0C0 001:571.280 - 0.217ms returns 0
TF36DA0C0 001:571.287 JLINK_CORESIGHT_WriteAPDPReg(AP reg 0x01, 0x80011140)
TF36DA0C0 001:571.504 - 0.218ms returns 0
TF36DA0C0 001:571.511 JLINK_CORESIGHT_ReadAPDPReg(AP reg 0x03)
TF36DA0C0 001:571.779   Value=0x00000000
TF36DA0C0 001:571.786 - 0.275ms returns 0
TF36DA0C0 001:571.791 JLINK_CORESIGHT_WriteAPDPReg(AP reg 0x00, 0x80000002)
TF36DA0C0 001:572.009 - 0.218ms returns 0
TF36DA0C0 001:572.019 JLINK_CORESIGHT_WriteAPDPReg(AP reg 0x01, 0x80011130)
TF36DA0C0 001:572.224 - 0.204ms returns 0
TF36DA0C0 001:572.230 JLINK_CORESIGHT_ReadAPDPReg(AP reg 0x03)
TF36DA0C0 001:572.494   Value=0x000385FF
TF36DA0C0 001:572.501 - 0.271ms returns 0
TF36DA0C0 001:572.571 JLINK_CORESIGHT_WriteAPDPReg(AP reg 0x00, 0x80000002)
TF36DA0C0 001:572.790 - 0.219ms returns 0
TF36DA0C0 001:572.797 JLINK_CORESIGHT_WriteAPDPReg(AP reg 0x01, 0x80011140)
TF36DA0C0 001:572.992 - 0.195ms returns 0
TF36DA0C0 001:572.998 JLINK_CORESIGHT_ReadAPDPReg(AP reg 0x03)
TF36DA0C0 001:573.259   Value=0x00000002
TF36DA0C0 001:573.267 - 0.269ms returns 0
TF36DA0C0 001:573.272 JLINK_CORESIGHT_WriteAPDPReg(AP reg 0x00, 0x80000002)
TF36DA0C0 001:573.481 - 0.208ms returns 0
TF36DA0C0 001:573.487 JLINK_CORESIGHT_WriteAPDPReg(AP reg 0x01, 0x80011120)
TF36DA0C0 001:573.687 - 0.200ms returns 0
TF36DA0C0 001:573.693 JLINK_CORESIGHT_WriteAPDPReg(AP reg 0x03, 0x2C010001)
TF36DA0C0 001:573.897 - 0.204ms returns 0
TF36DA0C0 001:573.903 JLINK_CORESIGHT_WriteAPDPReg(AP reg 0x00, 0x80000002)
TF36DA0C0 001:574.116 - 0.212ms returns 0
TF36DA0C0 001:574.122 JLINK_CORESIGHT_WriteAPDPReg(AP reg 0x01, 0x80011140)
TF36DA0C0 001:574.337 - 0.214ms returns 0
TF36DA0C0 001:574.345 JLINK_CORESIGHT_ReadAPDPReg(AP reg 0x03)
TF36DA0C0 001:574.611   Value=0x00000002
TF36DA0C0 001:574.619 - 0.274ms returns 0
TF36DA0C0 001:574.624 JLINK_CORESIGHT_WriteAPDPReg(AP reg 0x00, 0x80000002)
TF36DA0C0 001:574.845 - 0.221ms returns 0
TF36DA0C0 001:574.852 JLINK_CORESIGHT_WriteAPDPReg(AP reg 0x01, 0x80011120)
TF36DA0C0 001:575.065 - 0.213ms returns 0
TF36DA0C0 001:575.072 JLINK_CORESIGHT_WriteAPDPReg(AP reg 0x03, 0x000003D3)
TF36DA0C0 001:575.276 - 0.204ms returns 0
TF36DA0C0 001:575.283 JLINK_CORESIGHT_WriteAPDPReg(AP reg 0x00, 0x80000002)
TF36DA0C0 001:575.547 - 0.263ms returns 0
TF36DA0C0 001:575.553 JLINK_CORESIGHT_WriteAPDPReg(AP reg 0x01, 0x80011140)
TF36DA0C0 001:575.762 - 0.209ms returns 0
TF36DA0C0 001:575.768 JLINK_CORESIGHT_ReadAPDPReg(AP reg 0x03)
TF36DA0C0 001:576.004   Value=0x00000002
TF36DA0C0 001:576.011 - 0.243ms returns 0
TF36DA0C0 001:576.026 JLINK_CORESIGHT_ReadAPDPReg(AP reg 0x03)
TF36DA0C0 001:576.248   Value=0x00000002
TF36DA0C0 001:576.256 - 0.230ms returns 0
TF36DA0C0 001:576.261 JLINK_CORESIGHT_ReadAPDPReg(AP reg 0x03)
TF36DA0C0 001:576.517   Value=0x00000002
TF36DA0C0 001:576.524 - 0.264ms returns 0
TF36DA0C0 001:576.528 JLINK_CORESIGHT_ReadAPDPReg(AP reg 0x03)
TF36DA0C0 001:576.819   Value=0x00000002
TF36DA0C0 001:576.828 - 0.300ms returns 0
TF36DA0C0 001:576.833 JLINK_CORESIGHT_ReadAPDPReg(AP reg 0x03)
TF36DA0C0 001:577.100   Value=0x00000002
TF36DA0C0 001:577.110 - 0.277ms returns 0
TF36DA0C0 001:577.114 JLINK_CORESIGHT_ReadAPDPReg(AP reg 0x03)
TF36DA0C0 001:577.361   Value=0x00000002
TF36DA0C0 001:577.370 - 0.256ms returns 0
TF36DA0C0 001:577.375 JLINK_CORESIGHT_ReadAPDPReg(AP reg 0x03)
TF36DA0C0 001:577.678   Value=0x00000002
TF36DA0C0 001:577.685 - 0.310ms returns 0
TF36DA0C0 001:577.690 JLINK_CORESIGHT_ReadAPDPReg(AP reg 0x03)
TF36DA0C0 001:577.961   Value=0x00000002
TF36DA0C0 001:577.969 - 0.279ms returns 0
TF36DA0C0 001:577.973 JLINK_CORESIGHT_ReadAPDPReg(AP reg 0x03)
TF36DA0C0 001:578.238   Value=0x00000002
TF36DA0C0 001:578.245 - 0.272ms returns 0
TF36DA0C0 001:578.250 JLINK_CORESIGHT_ReadAPDPReg(AP reg 0x03)
TF36DA0C0 001:578.508   Value=0x00000002
TF36DA0C0 001:578.515 - 0.265ms returns 0
TF36DA0C0 001:578.520 JLINK_CORESIGHT_ReadAPDPReg(AP reg 0x03)
TF36DA0C0 001:578.771   Value=0x00000002
TF36DA0C0 001:578.778 - 0.258ms returns 0
TF36DA0C0 001:578.783 JLINK_CORESIGHT_ReadAPDPReg(AP reg 0x03)
TF36DA0C0 001:579.047   Value=0x00000000
TF36DA0C0 001:579.055 - 0.272ms returns 0
TF36DA0C0 001:579.060 JLINK_CORESIGHT_WriteAPDPReg(AP reg 0x00, 0x80000002)
TF36DA0C0 001:579.273 - 0.213ms returns 0
TF36DA0C0 001:579.280 JLINK_CORESIGHT_WriteAPDPReg(AP reg 0x01, 0x80011130)
TF36DA0C0 001:579.489 - 0.210ms returns 0
TF36DA0C0 001:579.495 JLINK_CORESIGHT_ReadAPDPReg(AP reg 0x03)
TF36DA0C0 001:579.775   Value=0x2C020081
TF36DA0C0 001:579.783 - 0.288ms returns 0
TF36DA0C0 001:579.787 JLINK_CORESIGHT_WriteAPDPReg(AP reg 0x00, 0x80000002)
TF36DA0C0 001:580.004 - 0.217ms returns 0
TF36DA0C0 001:580.010 JLINK_CORESIGHT_WriteAPDPReg(AP reg 0x01, 0x80011140)
TF36DA0C0 001:580.241 - 0.231ms returns 0
TF36DA0C0 001:580.247 JLINK_CORESIGHT_ReadAPDPReg(AP reg 0x03)
TF36DA0C0 001:580.507   Value=0x00000000
TF36DA0C0 001:580.518 - 0.271ms returns 0
TF36DA0C0 001:580.531 JLINK_CORESIGHT_WriteAPDPReg(AP reg 0x00, 0x80000002)
TF36DA0C0 001:580.730 - 0.199ms returns 0
TF36DA0C0 001:580.741 JLINK_CORESIGHT_WriteAPDPReg(AP reg 0x01, 0x80011130)
TF36DA0C0 001:580.946 - 0.205ms returns 0
TF36DA0C0 001:580.953 JLINK_CORESIGHT_ReadAPDPReg(AP reg 0x03)
TF36DA0C0 001:581.222   Value=0x0003CE04
TF36DA0C0 001:581.231 - 0.278ms returns 0
TF36DA0C0 001:581.243 JLINK_CORESIGHT_WriteAPDPReg(AP reg 0x00, 0x80000002)
TF36DA0C0 001:581.454 - 0.211ms returns 0
TF36DA0C0 001:581.465 JLINK_CORESIGHT_WriteAPDPReg(AP reg 0x01, 0x80011140)
TF36DA0C0 001:581.666 - 0.201ms returns 0
TF36DA0C0 001:581.677 JLINK_CORESIGHT_ReadAPDPReg(AP reg 0x03)
TF36DA0C0 001:581.941   Value=0x00000002
TF36DA0C0 001:581.949 - 0.273ms returns 0
TF36DA0C0 001:581.956 JLINK_CORESIGHT_WriteAPDPReg(AP reg 0x00, 0x80000002)
TF36DA0C0 001:582.160 - 0.203ms returns 0
TF36DA0C0 001:582.169 JLINK_CORESIGHT_WriteAPDPReg(AP reg 0x01, 0x80011120)
TF36DA0C0 001:582.435 - 0.266ms returns 0
TF36DA0C0 001:582.444 JLINK_CORESIGHT_WriteAPDPReg(AP reg 0x03, 0x73010001)
TF36DA0C0 001:582.709 - 0.265ms returns 0
TF36DA0C0 001:582.725 JLINK_CORESIGHT_WriteAPDPReg(AP reg 0x00, 0x80000002)
TF36DA0C0 001:582.942 - 0.217ms returns 0
TF36DA0C0 001:582.953 JLINK_CORESIGHT_WriteAPDPReg(AP reg 0x01, 0x80011140)
TF36DA0C0 001:583.156 - 0.203ms returns 0
TF36DA0C0 001:583.166 JLINK_CORESIGHT_ReadAPDPReg(AP reg 0x03)
TF36DA0C0 001:583.433   Value=0x00000002
TF36DA0C0 001:583.440 - 0.274ms returns 0
TF36DA0C0 001:583.447 JLINK_CORESIGHT_WriteAPDPReg(AP reg 0x00, 0x80000002)
TF36DA0C0 001:583.676 - 0.228ms returns 0
TF36DA0C0 001:583.691 JLINK_CORESIGHT_WriteAPDPReg(AP reg 0x01, 0x80011120)
TF36DA0C0 001:583.911 - 0.220ms returns 0
TF36DA0C0 001:583.925 JLINK_CORESIGHT_WriteAPDPReg(AP reg 0x03, 0x0000038C)
TF36DA0C0 001:584.146 - 0.221ms returns 0
TF36DA0C0 001:584.156 JLINK_CORESIGHT_WriteAPDPReg(AP reg 0x00, 0x80000002)
TF36DA0C0 001:584.437 - 0.281ms returns 0
TF36DA0C0 001:584.446 JLINK_CORESIGHT_WriteAPDPReg(AP reg 0x01, 0x80011140)
TF36DA0C0 001:584.662 - 0.216ms returns 0
TF36DA0C0 001:584.669 JLINK_CORESIGHT_ReadAPDPReg(AP reg 0x03)
TF36DA0C0 001:584.926   Value=0x00000002
TF36DA0C0 001:584.938 - 0.269ms returns 0
TF36DA0C0 001:584.944 JLINK_CORESIGHT_ReadAPDPReg(AP reg 0x03)
TF36DA0C0 001:585.204   Value=0x00000002
TF36DA0C0 001:585.213 - 0.268ms returns 0
TF36DA0C0 001:585.218 JLINK_CORESIGHT_ReadAPDPReg(AP reg 0x03)
TF36DA0C0 001:585.445   Value=0x00000002
TF36DA0C0 001:585.452 - 0.234ms returns 0
TF36DA0C0 001:585.458 JLINK_CORESIGHT_ReadAPDPReg(AP reg 0x03)
TF36DA0C0 001:585.720   Value=0x00000002
TF36DA0C0 001:585.730 - 0.272ms returns 0
TF36DA0C0 001:585.737 JLINK_CORESIGHT_ReadAPDPReg(AP reg 0x03)
TF36DA0C0 001:585.966   Value=0x00000002
TF36DA0C0 001:585.973 - 0.236ms returns 0
TF36DA0C0 001:585.979 JLINK_CORESIGHT_ReadAPDPReg(AP reg 0x03)
TF36DA0C0 001:586.259   Value=0x00000002
TF36DA0C0 001:586.266 - 0.287ms returns 0
TF36DA0C0 001:586.272 JLINK_CORESIGHT_ReadAPDPReg(AP reg 0x03)
TF36DA0C0 001:586.504   Value=0x00000002
TF36DA0C0 001:586.511 - 0.239ms returns 0
TF36DA0C0 001:586.517 JLINK_CORESIGHT_ReadAPDPReg(AP reg 0x03)
TF36DA0C0 001:586.774   Value=0x00000002
TF36DA0C0 001:586.781 - 0.264ms returns 0
TF36DA0C0 001:586.786 JLINK_CORESIGHT_ReadAPDPReg(AP reg 0x03)
TF36DA0C0 001:587.041   Value=0x00000002
TF36DA0C0 001:587.048 - 0.262ms returns 0
TF36DA0C0 001:587.053 JLINK_CORESIGHT_ReadAPDPReg(AP reg 0x03)
TF36DA0C0 001:587.364   Value=0x00000002
TF36DA0C0 001:587.372 - 0.319ms returns 0
TF36DA0C0 001:587.379 JLINK_CORESIGHT_ReadAPDPReg(AP reg 0x03)
TF36DA0C0 001:587.615   Value=0x00000002
TF36DA0C0 001:587.625 - 0.246ms returns 0
TF36DA0C0 001:587.630 JLINK_CORESIGHT_ReadAPDPReg(AP reg 0x03)
TF36DA0C0 001:587.884   Value=0x00000002
TF36DA0C0 001:587.891 - 0.261ms returns 0
TF36DA0C0 001:587.897 JLINK_CORESIGHT_ReadAPDPReg(AP reg 0x03)
TF36DA0C0 001:588.141   Value=0x00000002
TF36DA0C0 001:588.151 - 0.255ms returns 0
TF36DA0C0 001:588.156 JLINK_CORESIGHT_ReadAPDPReg(AP reg 0x03)
TF36DA0C0 001:588.411   Value=0x00000002
TF36DA0C0 001:588.418 - 0.262ms returns 0
TF36DA0C0 001:588.423 JLINK_CORESIGHT_ReadAPDPReg(AP reg 0x03)
TF36DA0C0 001:588.682   Value=0x00000000
TF36DA0C0 001:588.689 - 0.266ms returns 0
TF36DA0C0 001:588.694 JLINK_CORESIGHT_WriteAPDPReg(AP reg 0x00, 0x80000002)
TF36DA0C0 001:588.907 - 0.213ms returns 0
TF36DA0C0 001:588.914 JLINK_CORESIGHT_WriteAPDPReg(AP reg 0x01, 0x80011130)
TF36DA0C0 001:589.132 - 0.218ms returns 0
TF36DA0C0 001:589.140 JLINK_CORESIGHT_ReadAPDPReg(AP reg 0x03)
TF36DA0C0 001:589.396   Value=0x73020081
TF36DA0C0 001:589.404 - 0.263ms returns 0
TF36DA0C0 001:589.410 JLINK_CORESIGHT_WriteAPDPReg(AP reg 0x00, 0x80000002)
TF36DA0C0 001:589.611 - 0.201ms returns 0
TF36DA0C0 001:589.620 JLINK_CORESIGHT_WriteAPDPReg(AP reg 0x01, 0x80011140)
TF36DA0C0 001:589.821 - 0.200ms returns 0
TF36DA0C0 001:589.828 JLINK_CORESIGHT_ReadAPDPReg(AP reg 0x03)
TF36DA0C0 001:590.086   Value=0x00000000
TF36DA0C0 001:590.095 - 0.268ms returns 0
TF36DA0C0 001:590.101 JLINK_CORESIGHT_WriteAPDPReg(AP reg 0x00, 0x80000002)
TF36DA0C0 001:590.316 - 0.216ms returns 0
TF36DA0C0 001:590.324 JLINK_CORESIGHT_WriteAPDPReg(AP reg 0x01, 0x80011130)
TF36DA0C0 001:590.519 - 0.195ms returns 0
TF36DA0C0 001:590.526 JLINK_CORESIGHT_ReadAPDPReg(AP reg 0x03)
TF36DA0C0 001:590.800   Value=0x00038902
TF36DA0C0 001:590.807 - 0.282ms returns 0
TF36DA0C0 001:590.814 JLINK_CORESIGHT_WriteAPDPReg(AP reg 0x00, 0x80000002)
TF36DA0C0 001:591.017 - 0.204ms returns 0
TF36DA0C0 001:591.025 JLINK_CORESIGHT_WriteAPDPReg(AP reg 0x01, 0x80011140)
TF36DA0C0 001:591.299 - 0.274ms returns 0
TF36DA0C0 001:591.313 JLINK_CORESIGHT_ReadAPDPReg(AP reg 0x03)
TF36DA0C0 001:591.585   Value=0x00000002
TF36DA0C0 001:591.595 - 0.282ms returns 0
TF36DA0C0 001:591.600 JLINK_CORESIGHT_WriteAPDPReg(AP reg 0x00, 0x80000002)
TF36DA0C0 001:591.819 - 0.219ms returns 0
TF36DA0C0 001:591.826 JLINK_CORESIGHT_WriteAPDPReg(AP reg 0x01, 0x80011120)
TF36DA0C0 001:592.047 - 0.220ms returns 0
TF36DA0C0 001:592.053 JLINK_CORESIGHT_WriteAPDPReg(AP reg 0x03, 0x75010001)
TF36DA0C0 001:592.291 - 0.238ms returns 0
TF36DA0C0 001:592.298 JLINK_CORESIGHT_WriteAPDPReg(AP reg 0x00, 0x80000002)
TF36DA0C0 001:592.488 - 0.190ms returns 0
TF36DA0C0 001:592.494 JLINK_CORESIGHT_WriteAPDPReg(AP reg 0x01, 0x80011140)
TF36DA0C0 001:592.685 - 0.191ms returns 0
TF36DA0C0 001:592.693 JLINK_CORESIGHT_ReadAPDPReg(AP reg 0x03)
TF36DA0C0 001:592.936   Value=0x00000002
TF36DA0C0 001:592.943 - 0.251ms returns 0
TF36DA0C0 001:592.950 JLINK_CORESIGHT_WriteAPDPReg(AP reg 0x00, 0x80000002)
TF36DA0C0 001:593.259 - 0.309ms returns 0
TF36DA0C0 001:593.268 JLINK_CORESIGHT_WriteAPDPReg(AP reg 0x01, 0x80011120)
TF36DA0C0 001:593.474 - 0.207ms returns 0
TF36DA0C0 001:593.481 JLINK_CORESIGHT_WriteAPDPReg(AP reg 0x03, 0x0000038A)
TF36DA0C0 001:593.674 - 0.193ms returns 0
TF36DA0C0 001:593.681 JLINK_CORESIGHT_WriteAPDPReg(AP reg 0x00, 0x80000002)
TF36DA0C0 001:593.879 - 0.198ms returns 0
TF36DA0C0 001:593.886 JLINK_CORESIGHT_WriteAPDPReg(AP reg 0x01, 0x80011140)
TF36DA0C0 001:594.084 - 0.198ms returns 0
TF36DA0C0 001:594.091 JLINK_CORESIGHT_ReadAPDPReg(AP reg 0x03)
TF36DA0C0 001:594.397   Value=0x00000002
TF36DA0C0 001:594.404 - 0.313ms returns 0
TF36DA0C0 001:594.409 JLINK_CORESIGHT_ReadAPDPReg(AP reg 0x03)
TF36DA0C0 001:594.662   Value=0x00000002
TF36DA0C0 001:594.670 - 0.261ms returns 0
TF36DA0C0 001:594.675 JLINK_CORESIGHT_ReadAPDPReg(AP reg 0x03)
TF36DA0C0 001:594.922   Value=0x00000002
TF36DA0C0 001:594.930 - 0.255ms returns 0
TF36DA0C0 001:594.936 JLINK_CORESIGHT_ReadAPDPReg(AP reg 0x03)
TF36DA0C0 001:595.230   Value=0x00000002
TF36DA0C0 001:595.237 - 0.301ms returns 0
TF36DA0C0 001:595.242 JLINK_CORESIGHT_ReadAPDPReg(AP reg 0x03)
TF36DA0C0 001:595.500   Value=0x00000002
TF36DA0C0 001:595.510 - 0.268ms returns 0
TF36DA0C0 001:595.515 JLINK_CORESIGHT_ReadAPDPReg(AP reg 0x03)
TF36DA0C0 001:595.781   Value=0x00000002
TF36DA0C0 001:595.788 - 0.273ms returns 0
TF36DA0C0 001:595.793 JLINK_CORESIGHT_ReadAPDPReg(AP reg 0x03)
TF36DA0C0 001:596.058   Value=0x00000002
TF36DA0C0 001:596.065 - 0.272ms returns 0
TF36DA0C0 001:596.070 JLINK_CORESIGHT_ReadAPDPReg(AP reg 0x03)
TF36DA0C0 001:596.411   Value=0x00000002
TF36DA0C0 001:596.421 - 0.351ms returns 0
TF36DA0C0 001:596.426 JLINK_CORESIGHT_ReadAPDPReg(AP reg 0x03)
TF36DA0C0 001:596.741   Value=0x00000002
TF36DA0C0 001:596.749 - 0.323ms returns 0
TF36DA0C0 001:596.754 JLINK_CORESIGHT_ReadAPDPReg(AP reg 0x03)
TF36DA0C0 001:597.012   Value=0x00000000
TF36DA0C0 001:597.021 - 0.267ms returns 0
TF36DA0C0 001:597.026 JLINK_CORESIGHT_WriteAPDPReg(AP reg 0x00, 0x80000002)
TF36DA0C0 001:597.227 - 0.201ms returns 0
TF36DA0C0 001:597.529 JLINK_CORESIGHT_WriteAPDPReg(AP reg 0x01, 0x80011130)
TF36DA0C0 001:597.745 - 0.216ms returns 0
TF36DA0C0 001:597.751 JLINK_CORESIGHT_ReadAPDPReg(AP reg 0x03)
TF36DA0C0 001:598.012   Value=0x75020081
TF36DA0C0 001:598.018 - 0.267ms returns 0
TF36DA0C0 001:598.022 JLINK_CORESIGHT_WriteAPDPReg(AP reg 0x00, 0x80000002)
TF36DA0C0 001:598.290 - 0.267ms returns 0
TF36DA0C0 001:598.297 JLINK_CORESIGHT_WriteAPDPReg(AP reg 0x01, 0x80011140)
TF36DA0C0 001:598.506 - 0.209ms returns 0
TF36DA0C0 001:598.515 JLINK_CORESIGHT_ReadAPDPReg(AP reg 0x03)
TF36DA0C0 001:598.785   Value=0x00000000
TF36DA0C0 001:598.791 - 0.277ms returns 0
TF36DA0C0 001:598.795 JLINK_CORESIGHT_WriteAPDPReg(AP reg 0x00, 0x80000002)
TF36DA0C0 001:599.008 - 0.213ms returns 0
TF36DA0C0 001:599.013 JLINK_CORESIGHT_WriteAPDPReg(AP reg 0x01, 0x80011130)
TF36DA0C0 001:599.275 - 0.261ms returns 0
TF36DA0C0 001:599.280 JLINK_CORESIGHT_ReadAPDPReg(AP reg 0x03)
TF36DA0C0 001:599.535   Value=0x00038702
TF36DA0C0 001:599.546 - 0.266ms returns 0
TF36DA0C0 001:599.555 JLINK_CORESIGHT_WriteAPDPReg(AP reg 0x00, 0x80000002)
TF36DA0C0 001:599.771 - 0.216ms returns 0
TF36DA0C0 001:599.776 JLINK_CORESIGHT_WriteAPDPReg(AP reg 0x01, 0x80011140)
TF36DA0C0 001:599.986 - 0.210ms returns 0
TF36DA0C0 001:599.992 JLINK_CORESIGHT_ReadAPDPReg(AP reg 0x03)
TF36DA0C0 001:600.240   Value=0x00000002
TF36DA0C0 001:600.249 - 0.257ms returns 0
TF36DA0C0 001:600.252 JLINK_CORESIGHT_WriteAPDPReg(AP reg 0x00, 0x80000002)
TF36DA0C0 001:600.462 - 0.210ms returns 0
TF36DA0C0 001:600.468 JLINK_CORESIGHT_WriteAPDPReg(AP reg 0x01, 0x80011120)
TF36DA0C0 001:600.671 - 0.203ms returns 0
TF36DA0C0 001:600.679 JLINK_CORESIGHT_WriteAPDPReg(AP reg 0x03, 0x4F010001)
TF36DA0C0 001:600.888 - 0.209ms returns 0
TF36DA0C0 001:600.896 JLINK_CORESIGHT_WriteAPDPReg(AP reg 0x00, 0x80000002)
TF36DA0C0 001:601.139 - 0.242ms returns 0
TF36DA0C0 001:601.146 JLINK_CORESIGHT_WriteAPDPReg(AP reg 0x01, 0x80011140)
TF36DA0C0 001:601.355 - 0.209ms returns 0
TF36DA0C0 001:601.360 JLINK_CORESIGHT_ReadAPDPReg(AP reg 0x03)
TF36DA0C0 001:601.624   Value=0x00000002
TF36DA0C0 001:601.633 - 0.273ms returns 0
TF36DA0C0 001:601.637 JLINK_CORESIGHT_WriteAPDPReg(AP reg 0x00, 0x80000002)
TF36DA0C0 001:601.849 - 0.212ms returns 0
TF36DA0C0 001:601.854 JLINK_CORESIGHT_WriteAPDPReg(AP reg 0x01, 0x80011120)
TF36DA0C0 001:602.144 - 0.290ms returns 0
TF36DA0C0 001:602.150 JLINK_CORESIGHT_WriteAPDPReg(AP reg 0x03, 0x000003B0)
TF36DA0C0 001:602.356 - 0.206ms returns 0
TF36DA0C0 001:602.361 JLINK_CORESIGHT_WriteAPDPReg(AP reg 0x00, 0x80000002)
TF36DA0C0 001:602.564 - 0.203ms returns 0
TF36DA0C0 001:602.570 JLINK_CORESIGHT_WriteAPDPReg(AP reg 0x01, 0x80011140)
TF36DA0C0 001:602.750 - 0.180ms returns 0
TF36DA0C0 001:602.755 JLINK_CORESIGHT_ReadAPDPReg(AP reg 0x03)
TF36DA0C0 001:602.989   Value=0x00000002
TF36DA0C0 001:602.995 - 0.240ms returns 0
TF36DA0C0 001:602.999 JLINK_CORESIGHT_ReadAPDPReg(AP reg 0x03)
TF36DA0C0 001:603.221   Value=0x00000002
TF36DA0C0 001:603.227 - 0.228ms returns 0
TF36DA0C0 001:603.231 JLINK_CORESIGHT_ReadAPDPReg(AP reg 0x03)
TF36DA0C0 001:603.451   Value=0x00000002
TF36DA0C0 001:603.457 - 0.226ms returns 0
TF36DA0C0 001:603.461 JLINK_CORESIGHT_ReadAPDPReg(AP reg 0x03)
TF36DA0C0 001:603.682   Value=0x00000002
TF36DA0C0 001:603.688 - 0.227ms returns 0
TF36DA0C0 001:603.692 JLINK_CORESIGHT_ReadAPDPReg(AP reg 0x03)
TF36DA0C0 001:603.933   Value=0x00000002
TF36DA0C0 001:603.942 - 0.249ms returns 0
TF36DA0C0 001:603.946 JLINK_CORESIGHT_ReadAPDPReg(AP reg 0x03)
TF36DA0C0 001:604.223   Value=0x00000002
TF36DA0C0 001:604.230 - 0.284ms returns 0
TF36DA0C0 001:604.233 JLINK_CORESIGHT_ReadAPDPReg(AP reg 0x03)
TF36DA0C0 001:604.458   Value=0x00000002
TF36DA0C0 001:604.464 - 0.231ms returns 0
TF36DA0C0 001:604.468 JLINK_CORESIGHT_ReadAPDPReg(AP reg 0x03)
TF36DA0C0 001:604.706   Value=0x00000002
TF36DA0C0 001:604.712 - 0.244ms returns 0
TF36DA0C0 001:604.716 JLINK_CORESIGHT_ReadAPDPReg(AP reg 0x03)
TF36DA0C0 001:604.955   Value=0x00000002
TF36DA0C0 001:604.962 - 0.245ms returns 0
TF36DA0C0 001:604.965 JLINK_CORESIGHT_ReadAPDPReg(AP reg 0x03)
TF36DA0C0 001:605.208   Value=0x00000002
TF36DA0C0 001:605.214 - 0.249ms returns 0
TF36DA0C0 001:605.218 JLINK_CORESIGHT_ReadAPDPReg(AP reg 0x03)
TF36DA0C0 001:605.457   Value=0x00000002
TF36DA0C0 001:605.463 - 0.245ms returns 0
TF36DA0C0 001:605.467 JLINK_CORESIGHT_ReadAPDPReg(AP reg 0x03)
TF36DA0C0 001:605.704   Value=0x00000000
TF36DA0C0 001:605.710 - 0.243ms returns 0
TF36DA0C0 001:605.714 JLINK_CORESIGHT_WriteAPDPReg(AP reg 0x00, 0x80000002)
TF36DA0C0 001:605.987 - 0.273ms returns 0
TF36DA0C0 001:605.994 JLINK_CORESIGHT_WriteAPDPReg(AP reg 0x01, 0x80011130)
TF36DA0C0 001:606.268 - 0.274ms returns 0
TF36DA0C0 001:606.276 JLINK_CORESIGHT_ReadAPDPReg(AP reg 0x03)
TF36DA0C0 001:606.595   Value=0x4F0B0081
TF36DA0C0 001:606.603 - 0.327ms returns 0
TF36DA0C0 001:606.607 JLINK_CORESIGHT_WriteAPDPReg(AP reg 0x00, 0x80000002)
TF36DA0C0 001:606.833 - 0.226ms returns 0
TF36DA0C0 001:606.888 JLINK_CORESIGHT_WriteAPDPReg(AP reg 0x01, 0x80011140)
TF36DA0C0 001:607.133 - 0.246ms returns 0
TF36DA0C0 001:607.146 JLINK_CORESIGHT_ReadAPDPReg(AP reg 0x03)
TF36DA0C0 001:607.390   Value=0x00000000
TF36DA0C0 001:607.398 - 0.252ms returns 0
TF36DA0C0 001:607.403 JLINK_CORESIGHT_WriteAPDPReg(AP reg 0x00, 0x80000002)
TF36DA0C0 001:607.595 - 0.192ms returns 0
TF36DA0C0 001:607.601 JLINK_CORESIGHT_WriteAPDPReg(AP reg 0x01, 0x80011130)
TF36DA0C0 001:607.785 - 0.184ms returns 0
TF36DA0C0 001:607.791 JLINK_CORESIGHT_ReadAPDPReg(AP reg 0x03)
TF36DA0C0 001:608.027   Value=0x20000000
TF36DA0C0 001:608.035 - 0.244ms returns 0
TF36DA0C0 001:608.039 JLINK_CORESIGHT_WriteAPDPReg(AP reg 0x00, 0x80000002)
TF36DA0C0 001:608.233 - 0.194ms returns 0
TF36DA0C0 001:608.239 JLINK_CORESIGHT_WriteAPDPReg(AP reg 0x01, 0x80011140)
TF36DA0C0 001:608.436 - 0.196ms returns 0
TF36DA0C0 001:608.442 JLINK_CORESIGHT_ReadAPDPReg(AP reg 0x03)
TF36DA0C0 001:608.704   Value=0x00000000
TF36DA0C0 001:608.712 - 0.271ms returns 0
TF36DA0C0 001:608.717 JLINK_CORESIGHT_WriteAPDPReg(AP reg 0x00, 0x80000002)
TF36DA0C0 001:608.995 - 0.279ms returns 0
TF36DA0C0 001:609.002 JLINK_CORESIGHT_WriteAPDPReg(AP reg 0x01, 0x80011130)
TF36DA0C0 001:609.208 - 0.206ms returns 0
TF36DA0C0 001:609.214 JLINK_CORESIGHT_ReadAPDPReg(AP reg 0x03)
TF36DA0C0 001:609.496   Value=0x00000000
TF36DA0C0 001:609.503 - 0.290ms returns 0
TF36DA0C0 001:609.508 JLINK_CORESIGHT_WriteAPDPReg(AP reg 0x00, 0x80000002)
TF36DA0C0 001:609.691 - 0.182ms returns 0
TF36DA0C0 001:609.697 JLINK_CORESIGHT_WriteAPDPReg(AP reg 0x01, 0x80011140)
TF36DA0C0 001:609.972 - 0.275ms returns 0
TF36DA0C0 001:609.977 JLINK_CORESIGHT_ReadAPDPReg(AP reg 0x03)
TF36DA0C0 001:610.226   Value=0x00000000
TF36DA0C0 001:610.261 - 0.284ms returns 0
TF36DA0C0 001:610.275 JLINK_CORESIGHT_WriteAPDPReg(AP reg 0x00, 0x80000002)
TF36DA0C0 001:610.469 - 0.194ms returns 0
TF36DA0C0 001:610.479 JLINK_CORESIGHT_WriteAPDPReg(AP reg 0x01, 0x80011130)
TF36DA0C0 001:610.697 - 0.218ms returns 0
TF36DA0C0 001:610.703 JLINK_CORESIGHT_ReadAPDPReg(AP reg 0x03)
TF36DA0C0 001:610.964   Value=0x03860000
TF36DA0C0 001:610.974 - 0.271ms returns 0
TF36DA0C0 001:611.078 JLINK_CORESIGHT_ReadAPDPReg(DP reg 0x01)
TF36DA0C0 001:611.297   Value=0xF0000F40
TF36DA0C0 001:611.304 - 0.226ms returns 0
TF36DA0C0 001:611.308 JLINK_CORESIGHT_WriteAPDPReg(DP reg 0x01, 0xA0000F40)
TF36DA0C0 001:611.502 - 0.194ms returns 0
TF36DA0C0 001:611.512 JLINK_CORESIGHT_ReadAPDPReg(DP reg 0x01)
TF36DA0C0 001:611.698   Value=0x00000F40
TF36DA0C0 001:611.704 - 0.192ms returns 0
TF36DA0C0 001:611.708 JLINK_ClrRESET()
TF36DA0C0 001:611.946 - 0.238ms 
TF36DA0C0 001:723.805 JLINK_Close()
TF36DA0C0 001:736.447 - 12.642ms
TF36DA0C0 001:736.494   
TF36DA0C0 001:736.500   Closed
